Archive member included to satisfy reference by file (symbol)

c:/progra~2/gnuarm~1/102021~1.10/bin/../lib/gcc/arm-none-eabi/10.3.1/thumb/v7-m/nofp\libgcc.a(_arm_muldf3.o)
                              CMakeFiles/demo1.elf.dir/Core/Src/json/cJSON.c.obj (__aeabi_dmul)
c:/progra~2/gnuarm~1/102021~1.10/bin/../lib/gcc/arm-none-eabi/10.3.1/thumb/v7-m/nofp\libgcc.a(_arm_addsubdf3.o)
                              CMakeFiles/demo1.elf.dir/Core/Src/user/devInfo.c.obj (__aeabi_ui2d)
c:/progra~2/gnuarm~1/102021~1.10/bin/../lib/gcc/arm-none-eabi/10.3.1/thumb/v7-m/nofp\libgcc.a(_arm_cmpdf2.o)
                              CMakeFiles/demo1.elf.dir/Core/Src/json/cJSON.c.obj (__aeabi_dcmpeq)
c:/progra~2/gnuarm~1/102021~1.10/bin/../lib/gcc/arm-none-eabi/10.3.1/thumb/v7-m/nofp\libgcc.a(_arm_fixdfsi.o)
                              CMakeFiles/demo1.elf.dir/Core/Src/json/cJSON.c.obj (__aeabi_d2iz)
c:/progra~2/gnuarm~1/102021~1.10/bin/../lib/gcc/arm-none-eabi/10.3.1/../../../../arm-none-eabi/lib/thumb/v7-m/nofp\libg.a(lib_a-ctype_.o)
                              CMakeFiles/demo1.elf.dir/Core/Src/json/cJSON.c.obj (_ctype_)
c:/progra~2/gnuarm~1/102021~1.10/bin/../lib/gcc/arm-none-eabi/10.3.1/../../../../arm-none-eabi/lib/thumb/v7-m/nofp\libg.a(lib_a-errno.o)
                              CMakeFiles/demo1.elf.dir/Core/Src/syscalls.c.obj (__errno)
c:/progra~2/gnuarm~1/102021~1.10/bin/../lib/gcc/arm-none-eabi/10.3.1/../../../../arm-none-eabi/lib/thumb/v7-m/nofp\libg.a(lib_a-exit.o)
                              c:/progra~2/gnuarm~1/102021~1.10/bin/../lib/gcc/arm-none-eabi/10.3.1/../../../../arm-none-eabi/lib/thumb/v7-m/nofp/crt0.o (exit)
c:/progra~2/gnuarm~1/102021~1.10/bin/../lib/gcc/arm-none-eabi/10.3.1/../../../../arm-none-eabi/lib/thumb/v7-m/nofp\libg.a(lib_a-impure.o)
                              c:/progra~2/gnuarm~1/102021~1.10/bin/../lib/gcc/arm-none-eabi/10.3.1/../../../../arm-none-eabi/lib/thumb/v7-m/nofp\libg.a(lib_a-exit.o) (_global_impure_ptr)
c:/progra~2/gnuarm~1/102021~1.10/bin/../lib/gcc/arm-none-eabi/10.3.1/../../../../arm-none-eabi/lib/thumb/v7-m/nofp\libg.a(lib_a-init.o)
                              c:/progra~2/gnuarm~1/102021~1.10/bin/../lib/gcc/arm-none-eabi/10.3.1/../../../../arm-none-eabi/lib/thumb/v7-m/nofp/crt0.o (__libc_init_array)
c:/progra~2/gnuarm~1/102021~1.10/bin/../lib/gcc/arm-none-eabi/10.3.1/../../../../arm-none-eabi/lib/thumb/v7-m/nofp\libg.a(lib_a-malloc.o)
                              CMakeFiles/demo1.elf.dir/Core/Src/json/cJSON.c.obj (malloc)
c:/progra~2/gnuarm~1/102021~1.10/bin/../lib/gcc/arm-none-eabi/10.3.1/../../../../arm-none-eabi/lib/thumb/v7-m/nofp\libg.a(lib_a-mallocr.o)
                              c:/progra~2/gnuarm~1/102021~1.10/bin/../lib/gcc/arm-none-eabi/10.3.1/../../../../arm-none-eabi/lib/thumb/v7-m/nofp\libg.a(lib_a-malloc.o) (_malloc_r)
c:/progra~2/gnuarm~1/102021~1.10/bin/../lib/gcc/arm-none-eabi/10.3.1/../../../../arm-none-eabi/lib/thumb/v7-m/nofp\libg.a(lib_a-memcmp.o)
                              CMakeFiles/demo1.elf.dir/Core/Src/mqtt/MQTTConnectServer.c.obj (memcmp)
c:/progra~2/gnuarm~1/102021~1.10/bin/../lib/gcc/arm-none-eabi/10.3.1/../../../../arm-none-eabi/lib/thumb/v7-m/nofp\libg.a(lib_a-memcpy.o)
                              CMakeFiles/demo1.elf.dir/Core/Src/json/cJSON.c.obj (memcpy)
c:/progra~2/gnuarm~1/102021~1.10/bin/../lib/gcc/arm-none-eabi/10.3.1/../../../../arm-none-eabi/lib/thumb/v7-m/nofp\libg.a(lib_a-memset.o)
                              c:/progra~2/gnuarm~1/102021~1.10/bin/../lib/gcc/arm-none-eabi/10.3.1/../../../../arm-none-eabi/lib/thumb/v7-m/nofp/crt0.o (memset)
c:/progra~2/gnuarm~1/102021~1.10/bin/../lib/gcc/arm-none-eabi/10.3.1/../../../../arm-none-eabi/lib/thumb/v7-m/nofp\libg.a(lib_a-mlock.o)
                              c:/progra~2/gnuarm~1/102021~1.10/bin/../lib/gcc/arm-none-eabi/10.3.1/../../../../arm-none-eabi/lib/thumb/v7-m/nofp\libg.a(lib_a-mallocr.o) (__malloc_lock)
c:/progra~2/gnuarm~1/102021~1.10/bin/../lib/gcc/arm-none-eabi/10.3.1/../../../../arm-none-eabi/lib/thumb/v7-m/nofp\libg.a(lib_a-printf.o)
                              CMakeFiles/demo1.elf.dir/Core/Src/user/heartbeat.c.obj (printf)
c:/progra~2/gnuarm~1/102021~1.10/bin/../lib/gcc/arm-none-eabi/10.3.1/../../../../arm-none-eabi/lib/thumb/v7-m/nofp\libg.a(lib_a-puts.o)
                              CMakeFiles/demo1.elf.dir/Core/Src/user/myMqtt.c.obj (puts)
c:/progra~2/gnuarm~1/102021~1.10/bin/../lib/gcc/arm-none-eabi/10.3.1/../../../../arm-none-eabi/lib/thumb/v7-m/nofp\libg.a(lib_a-realloc.o)
                              CMakeFiles/demo1.elf.dir/Core/Src/json/cJSON.c.obj (realloc)
c:/progra~2/gnuarm~1/102021~1.10/bin/../lib/gcc/arm-none-eabi/10.3.1/../../../../arm-none-eabi/lib/thumb/v7-m/nofp\libg.a(lib_a-reallocr.o)
                              c:/progra~2/gnuarm~1/102021~1.10/bin/../lib/gcc/arm-none-eabi/10.3.1/../../../../arm-none-eabi/lib/thumb/v7-m/nofp\libg.a(lib_a-realloc.o) (_realloc_r)
[...]
Memory Configuration

Name             Origin             Length             Attributes
RAM              0x20000000         0x0000c000         xrw
FLASH            0x08000000         0x00040000         xr
*default*        0x00000000         0xffffffff

Linker script and memory map

LOAD c:/progra~2/gnuarm~1/102021~1.10/bin/../lib/gcc/arm-none-eabi/10.3.1/thumb/v7-m/nofp/crti.o
LOAD c:/progra~2/gnuarm~1/102021~1.10/bin/../lib/gcc/arm-none-eabi/10.3.1/thumb/v7-m/nofp/crtbegin.o
LOAD c:/progra~2/gnuarm~1/102021~1.10/bin/../lib/gcc/arm-none-eabi/10.3.1/../../../../arm-none-eabi/lib/thumb/v7-m/nofp/crt0.o
LOAD CMakeFiles/demo1.elf.dir/Core/Src/adc.c.obj
LOAD CMakeFiles/demo1.elf.dir/Core/Src/dma.c.obj
LOAD CMakeFiles/demo1.elf.dir/Core/Src/gpio.c.obj
LOAD CMakeFiles/demo1.elf.dir/Core/Src/json/cJSON.c.obj
LOAD CMakeFiles/demo1.elf.dir/Core/Src/json/cJSON_Utils.c.obj
LOAD CMakeFiles/demo1.elf.dir/Core/Src/json/malloc.c.obj
LOAD CMakeFiles/demo1.elf.dir/Core/Src/main.c.obj
LOAD CMakeFiles/demo1.elf.dir/Core/Src/mqtt/MQTTConnectClient.c.obj
LOAD CMakeFiles/demo1.elf.dir/Core/Src/mqtt/MQTTConnectServer.c.obj
LOAD CMakeFiles/demo1.elf.dir/Core/Src/mqtt/MQTTDeserializePublish.c.obj
LOAD CMakeFiles/demo1.elf.dir/Core/Src/mqtt/MQTTFormat.c.obj
LOAD CMakeFiles/demo1.elf.dir/Core/Src/mqtt/MQTTPacket.c.obj
LOAD CMakeFiles/demo1.elf.dir/Core/Src/mqtt/MQTTSerializePublish.c.obj
LOAD CMakeFiles/demo1.elf.dir/Core/Src/mqtt/MQTTSubscribeClient.c.obj
LOAD CMakeFiles/demo1.elf.dir/Core/Src/mqtt/MQTTSubscribeServer.c.obj
LOAD CMakeFiles/demo1.elf.dir/Core/Src/mqtt/MQTTUnsubscribeClient.c.obj
LOAD CMakeFiles/demo1.elf.dir/Core/Src/mqtt/MQTTUnsubscribeServer.c.obj
LOAD CMakeFiles/demo1.elf.dir/Core/Src/stm32f1xx_hal_msp.c.obj
LOAD CMakeFiles/demo1.elf.dir/Core/Src/stm32f1xx_it.c.obj
LOAD CMakeFiles/demo1.elf.dir/Core/Src/syscalls.c.obj
LOAD CMakeFiles/demo1.elf.dir/Core/Src/sysmem.c.obj
LOAD CMakeFiles/demo1.elf.dir/Core/Src/system_stm32f1xx.c.obj
LOAD CMakeFiles/demo1.elf.dir/Core/Src/tim.c.obj
LOAD CMakeFiles/demo1.elf.dir/Core/Src/usart.c.obj
LOAD CMakeFiles/demo1.elf.dir/Core/Src/user/chip_id.c.obj
LOAD CMakeFiles/demo1.elf.dir/Core/Src/user/devInfo.c.obj
LOAD CMakeFiles/demo1.elf.dir/Core/Src/user/esp01s.c.obj
LOAD CMakeFiles/demo1.elf.dir/Core/Src/user/h7contect.c.obj
LOAD CMakeFiles/demo1.elf.dir/Core/Src/user/heartbeat.c.obj
LOAD CMakeFiles/demo1.elf.dir/Core/Src/user/init.c.obj
LOAD CMakeFiles/demo1.elf.dir/Core/Src/user/key.c.obj
LOAD CMakeFiles/demo1.elf.dir/Core/Src/user/motor.c.obj
LOAD CMakeFiles/demo1.elf.dir/Core/Src/user/mqttCmd.c.obj
LOAD CMakeFiles/demo1.elf.dir/Core/Src/user/mqtt_queue.c.obj
LOAD CMakeFiles/demo1.elf.dir/Core/Src/user/myExti.c.obj
LOAD CMakeFiles/demo1.elf.dir/Core/Src/user/myMqtt.c.obj
LOAD CMakeFiles/demo1.elf.dir/Core/Src/user/myMqttSub.c.obj
LOAD CMakeFiles/demo1.elf.dir/Core/Src/user/myPrintf.c.obj
LOAD CMakeFiles/demo1.elf.dir/Core/Src/user/net.c.obj
LOAD CMakeFiles/demo1.elf.dir/Core/Src/user/rgb.c.obj
LOAD CMakeFiles/demo1.elf.dir/Core/Startup/startup_stm32f103rctx.s.obj
LOAD CMakeFiles/demo1.elf.dir/Drivers/STM32F1xx_HAL_Driver/Src/stm32f1xx_hal.c.obj
LOAD CMakeFiles/demo1.elf.dir/Drivers/STM32F1xx_HAL_Driver/Src/stm32f1xx_hal_adc.c.obj
LOAD CMakeFiles/demo1.elf.dir/Drivers/STM32F1xx_HAL_Driver/Src/stm32f1xx_hal_adc_ex.c.obj
LOAD CMakeFiles/demo1.elf.dir/Drivers/STM32F1xx_HAL_Driver/Src/stm32f1xx_hal_cortex.c.obj
LOAD CMakeFiles/demo1.elf.dir/Drivers/STM32F1xx_HAL_Driver/Src/stm32f1xx_hal_dma.c.obj
LOAD CMakeFiles/demo1.elf.dir/Drivers/STM32F1xx_HAL_Driver/Src/stm32f1xx_hal_exti.c.obj
LOAD CMakeFiles/demo1.elf.dir/Drivers/STM32F1xx_HAL_Driver/Src/stm32f1xx_hal_flash.c.obj
LOAD CMakeFiles/demo1.elf.dir/Drivers/STM32F1xx_HAL_Driver/Src/stm32f1xx_hal_flash_ex.c.obj
LOAD CMakeFiles/demo1.elf.dir/Drivers/STM32F1xx_HAL_Driver/Src/stm32f1xx_hal_gpio.c.obj
LOAD CMakeFiles/demo1.elf.dir/Drivers/STM32F1xx_HAL_Driver/Src/stm32f1xx_hal_gpio_ex.c.obj
LOAD CMakeFiles/demo1.elf.dir/Drivers/STM32F1xx_HAL_Driver/Src/stm32f1xx_hal_pwr.c.obj
LOAD CMakeFiles/demo1.elf.dir/Drivers/STM32F1xx_HAL_Driver/Src/stm32f1xx_hal_rcc.c.obj
LOAD CMakeFiles/demo1.elf.dir/Drivers/STM32F1xx_HAL_Driver/Src/stm32f1xx_hal_rcc_ex.c.obj
LOAD CMakeFiles/demo1.elf.dir/Drivers/STM32F1xx_HAL_Driver/Src/stm32f1xx_hal_tim.c.obj
LOAD CMakeFiles/demo1.elf.dir/Drivers/STM32F1xx_HAL_Driver/Src/stm32f1xx_hal_tim_ex.c.obj
LOAD CMakeFiles/demo1.elf.dir/Drivers/STM32F1xx_HAL_Driver/Src/stm32f1xx_hal_uart.c.obj
START GROUP
LOAD c:/progra~2/gnuarm~1/102021~1.10/bin/../lib/gcc/arm-none-eabi/10.3.1/thumb/v7-m/nofp\libgcc.a
LOAD c:/progra~2/gnuarm~1/102021~1.10/bin/../lib/gcc/arm-none-eabi/10.3.1/../../../../arm-none-eabi/lib/thumb/v7-m/nofp\libg.a
LOAD c:/progra~2/gnuarm~1/102021~1.10/bin/../lib/gcc/arm-none-eabi/10.3.1/../../../../arm-none-eabi/lib/thumb/v7-m/nofp\libc.a
END GROUP
LOAD c:/progra~2/gnuarm~1/102021~1.10/bin/../lib/gcc/arm-none-eabi/10.3.1/thumb/v7-m/nofp/crtend.o
LOAD c:/progra~2/gnuarm~1/102021~1.10/bin/../lib/gcc/arm-none-eabi/10.3.1/thumb/v7-m/nofp/crtn.o
                0x2000c000                _estack = (ORIGIN (RAM) + LENGTH (RAM))
                0x00000200                _Min_Heap_Size = 0x200
                0x00000400                _Min_Stack_Size = 0x400

.isr_vector     0x08000000      0x1e4
                0x08000000                . = ALIGN (0x4)
 *(.isr_vector)
 .isr_vector    0x08000000      0x1e4 CMakeFiles/demo1.elf.dir/Core/Startup/startup_stm32f103rctx.s.obj
                0x08000000                g_pfnVectors
                0x080001e4                . = ALIGN (0x4)

.text           0x080001e8    0x13b98
                0x080001e8                . = ALIGN (0x4)
 *(.text)
 .text          0x080001e8       0x40 c:/progra~2/gnuarm~1/102021~1.10/bin/../lib/gcc/arm-none-eabi/10.3.1/thumb/v7-m/nofp/crtbegin.o
 .text          0x08000228      0x378 c:/progra~2/gnuarm~1/102021~1.10/bin/../lib/gcc/arm-none-eabi/10.3.1/thumb/v7-m/nofp\libgcc.a(_arm_addsubdf3.o)
                0x08000228                __aeabi_drsub
                0x08000230                __aeabi_dsub
                0x08000230                __subdf3
                0x08000234                __aeabi_dadd
                0x08000234                __adddf3
                0x080004ac                __floatunsidf
                0x080004ac                __aeabi_ui2d
                0x080004cc                __floatsidf
                0x080004cc                __aeabi_i2d
                0x080004f0                __aeabi_f2d
                0x080004f0                __extendsfdf2
                0x08000534                __floatundidf
                0x08000534                __aeabi_ul2d
                0x08000544                __floatdidf
                0x08000544                __aeabi_l2d
 .text          0x080005a0      0x110 c:/progra~2/gnuarm~1/102021~1.10/bin/../lib/gcc/arm-none-eabi/10.3.1/thumb/v7-m/nofp\libgcc.a(_arm_cmpdf2.o)
                0x080005a0                __gtdf2
                0x080005a0                __gedf2
                0x080005a8                __ltdf2
                0x080005a8                __ledf2
                0x080005b0                __nedf2
                0x080005b0                __eqdf2
                0x080005b0                __cmpdf2
                0x0800062c                __aeabi_cdrcmple
                0x0800063c                __aeabi_cdcmpeq
                0x0800063c                __aeabi_cdcmple
                0x0800064c                __aeabi_dcmpeq
                0x08000660                __aeabi_dcmplt
                0x08000674                __aeabi_dcmple
                0x08000688                __aeabi_dcmpge
                0x0800069c                __aeabi_dcmpgt
 .text          0x080006b0       0x50 c:/progra~2/gnuarm~1/102021~1.10/bin/../lib/gcc/arm-none-eabi/10.3.1/thumb/v7-m/nofp\libgcc.a(_arm_fixdfsi.o)
                0x080006b0                __aeabi_d2iz
                0x080006b0                __fixdfsi
 .text          0x08000700       0xec c:/progra~2/gnuarm~1/102021~1.10/bin/../lib/gcc/arm-none-eabi/10.3.1/../../../../arm-none-eabi/lib/thumb/v7-m/nofp\libg.a(lib_a-memcpy.o)
                0x08000700                memcpy
 .text          0x080007ec      0x1bc c:/progra~2/gnuarm~1/102021~1.10/bin/../lib/gcc/arm-none-eabi/10.3.1/../../../../arm-none-eabi/lib/thumb/v7-m/nofp\libg.a(lib_a-strcmp.o)
                0x080007ec                strcmp
 .text          0x080009a8      0x424 c:/progra~2/gnuarm~1/102021~1.10/bin/../lib/gcc/arm-none-eabi/10.3.1/thumb/v7-m/nofp\libgcc.a(_arm_muldivdf3.o)
                0x080009a8                __aeabi_dmul
                0x080009a8                __muldf3
                0x08000bfc                __divdf3
                0x08000bfc                __aeabi_ddiv
 .text          0x08000dcc       0x2c c:/progra~2/gnuarm~1/102021~1.10/bin/../lib/gcc/arm-none-eabi/10.3.1/thumb/v7-m/nofp\libgcc.a(_arm_unorddf2.o)
                0x08000dcc                __unorddf2
                0x08000dcc                __aeabi_dcmpun
 .text          0x08000df8       0x40 c:/progra~2/gnuarm~1/102021~1.10/bin/../lib/gcc/arm-none-eabi/10.3.1/thumb/v7-m/nofp\libgcc.a(_arm_fixunsdfsi.o)
                0x08000df8                __aeabi_d2uiz
                0x08000df8                __fixunsdfsi
 .text          0x08000e38       0xa0 c:/progra~2/gnuarm~1/102021~1.10/bin/../lib/gcc/arm-none-eabi/10.3.1/thumb/v7-m/nofp\libgcc.a(_arm_truncdfsf2.o)
                0x08000e38                __truncdfsf2
                0x08000e38                __aeabi_d2f
 .text          0x08000ed8       0x30 c:/progra~2/gnuarm~1/102021~1.10/bin/../lib/gcc/arm-none-eabi/10.3.1/thumb/v7-m/nofp\libgcc.a(_aeabi_uldivmod.o)
                0x08000ed8                __aeabi_uldivmod
 .text          0x08000f08       0x34 c:/progra~2/gnuarm~1/102021~1.10/bin/../lib/gcc/arm-none-eabi/10.3.1/thumb/v7-m/nofp\libgcc.a(_fixdfdi.o)
                0x08000f08                __fixdfdi
                0x08000f08                __aeabi_d2lz
 .text          0x08000f3c       0x3c c:/progra~2/gnuarm~1/102021~1.10/bin/../lib/gcc/arm-none-eabi/10.3.1/thumb/v7-m/nofp\libgcc.a(_fixunsdfdi.o)
                0x08000f3c                __fixunsdfdi
                0x08000f3c                __aeabi_d2ulz
 .text          0x08000f78      0x2d4 c:/progra~2/gnuarm~1/102021~1.10/bin/../lib/gcc/arm-none-eabi/10.3.1/thumb/v7-m/nofp\libgcc.a(_udivmoddi4.o)
                0x08000f78                __udivmoddi4
 .text          0x0800124c        0x4 c:/progra~2/gnuarm~1/102021~1.10/bin/../lib/gcc/arm-none-eabi/10.3.1/thumb/v7-m/nofp\libgcc.a(_dvmd_tls.o)
                0x0800124c                __aeabi_idiv0
                0x0800124c                __aeabi_ldiv0
 *(.text*)
 .text.MX_ADC1_Init
                0x08001250       0x5c CMakeFiles/demo1.elf.dir/Core/Src/adc.c.obj
                0x08001250                MX_ADC1_Init
 .text.HAL_ADC_MspInit
                0x080012ac       0x60 CMakeFiles/demo1.elf.dir/Core/Src/adc.c.obj
                0x080012ac                HAL_ADC_MspInit
 .text.MX_DMA_Init
                0x0800130c       0x64 CMakeFiles/demo1.elf.dir/Core/Src/dma.c.obj
                0x0800130c                MX_DMA_Init
 .text.MX_GPIO_Init
                0x08001370       0x88 CMakeFiles/demo1.elf.dir/Core/Src/gpio.c.obj
                0x08001370                MX_GPIO_Init
 .text.case_insensitive_strcmp
                0x080013f8       0x60 CMakeFiles/demo1.elf.dir/Core/Src/json/cJSON.c.obj
 .text.get_decimal_point
                0x08001458        0x4 CMakeFiles/demo1.elf.dir/Core/Src/json/cJSON.c.obj
 .text.parse_hex4
                0x0800145c       0x4c CMakeFiles/demo1.elf.dir/Core/Src/json/cJSON.c.obj
 .text.utf16_literal_to_utf8
                0x080014a8       0xec CMakeFiles/demo1.elf.dir/Core/Src/json/cJSON.c.obj
 .text.parse_string
                0x08001594      0x15c CMakeFiles/demo1.elf.dir/Core/Src/json/cJSON.c.obj
 .text.buffer_skip_whitespace
                0x080016f0       0x30 CMakeFiles/demo1.elf.dir/Core/Src/json/cJSON.c.obj
 .text.get_array_item
                0x08001720       0x14 CMakeFiles/demo1.elf.dir/Core/Src/json/cJSON.c.obj
 .text.suffix_object
                0x08001734        0x6 CMakeFiles/demo1.elf.dir/Core/Src/json/cJSON.c.obj
 .text.add_item_to_array
                0x0800173a       0x2c CMakeFiles/demo1.elf.dir/Core/Src/json/cJSON.c.obj
 .text.cast_away_const
                0x08001766        0x2 CMakeFiles/demo1.elf.dir/Core/Src/json/cJSON.c.obj
 .text.update_offset
                0x08001768       0x1a CMakeFiles/demo1.elf.dir/Core/Src/json/cJSON.c.obj
 .text.cJSON_New_Item
                0x08001782       0x18 CMakeFiles/demo1.elf.dir/Core/Src/json/cJSON.c.obj
 *fill*         0x0800179a        0x2 
 .text.skip_utf8_bom
                0x0800179c       0x38 CMakeFiles/demo1.elf.dir/Core/Src/json/cJSON.c.obj
 *fill*         0x080017d4        0x4 
 .text.parse_number
                0x080017d8      0x164 CMakeFiles/demo1.elf.dir/Core/Src/json/cJSON.c.obj
 .text.ensure   0x0800193c       0xa6 CMakeFiles/demo1.elf.dir/Core/Src/json/cJSON.c.obj
 .text.cJSON_strdup
                0x080019e2       0x28 CMakeFiles/demo1.elf.dir/Core/Src/json/cJSON.c.obj
 .text.add_item_to_object
                0x08001a0a       0x6a CMakeFiles/demo1.elf.dir/Core/Src/json/cJSON.c.obj
 .text.print_string_ptr
                0x08001a74      0x14c CMakeFiles/demo1.elf.dir/Core/Src/json/cJSON.c.obj
 .text.print_string
                0x08001bc0        0xa CMakeFiles/demo1.elf.dir/Core/Src/json/cJSON.c.obj
 *fill*         0x08001bca        0x2 
 .text.print_number
                0x08001bcc       0xd8 CMakeFiles/demo1.elf.dir/Core/Src/json/cJSON.c.obj
 .text.print_value
                0x08001ca4      0x114 CMakeFiles/demo1.elf.dir/Core/Src/json/cJSON.c.obj
 .text.print    0x08001db8       0xa4 CMakeFiles/demo1.elf.dir/Core/Src/json/cJSON.c.obj
 .text.print_array
                0x08001e5c       0xa8 CMakeFiles/demo1.elf.dir/Core/Src/json/cJSON.c.obj
 .text.print_object
                0x08001f04      0x16a CMakeFiles/demo1.elf.dir/Core/Src/json/cJSON.c.obj
 .text.get_object_item
                0x0800206e       0x4a CMakeFiles/demo1.elf.dir/Core/Src/json/cJSON.c.obj
 .text.cJSON_PrintUnformatted
                0x080020b8       0x10 CMakeFiles/demo1.elf.dir/Core/Src/json/cJSON.c.obj
                0x080020b8                cJSON_PrintUnformatted
 .text.cJSON_GetArraySize
                0x080020c8       0x16 CMakeFiles/demo1.elf.dir/Core/Src/json/cJSON.c.obj
                0x080020c8                cJSON_GetArraySize
 .text.cJSON_GetArrayItem
                0x080020de       0x10 CMakeFiles/demo1.elf.dir/Core/Src/json/cJSON.c.obj
                0x080020de                cJSON_GetArrayItem
 .text.cJSON_GetObjectItem
                0x080020ee        0xa CMakeFiles/demo1.elf.dir/Core/Src/json/cJSON.c.obj
                0x080020ee                cJSON_GetObjectItem
 .text.cJSON_AddItemToArray
                0x080020f8        0x8 CMakeFiles/demo1.elf.dir/Core/Src/json/cJSON.c.obj
                0x080020f8                cJSON_AddItemToArray
 .text.cJSON_AddItemToObject
                0x08002100       0x18 CMakeFiles/demo1.elf.dir/Core/Src/json/cJSON.c.obj
                0x08002100                cJSON_AddItemToObject
 .text.cJSON_CreateNumber
                0x08002118       0x68 CMakeFiles/demo1.elf.dir/Core/Src/json/cJSON.c.obj
                0x08002118                cJSON_CreateNumber
 .text.cJSON_CreateArray
                0x08002180       0x14 CMakeFiles/demo1.elf.dir/Core/Src/json/cJSON.c.obj
                0x08002180                cJSON_CreateArray
 .text.cJSON_CreateObject
                0x08002194       0x14 CMakeFiles/demo1.elf.dir/Core/Src/json/cJSON.c.obj
                0x08002194                cJSON_CreateObject
 .text.cJSON_IsString
                0x080021a8       0x12 CMakeFiles/demo1.elf.dir/Core/Src/json/cJSON.c.obj
                0x080021a8                cJSON_IsString
 .text.cJSON_IsArray
                0x080021ba       0x12 CMakeFiles/demo1.elf.dir/Core/Src/json/cJSON.c.obj
                0x080021ba                cJSON_IsArray
 .text.cJSON_free
                0x080021cc       0x10 CMakeFiles/demo1.elf.dir/Core/Src/json/cJSON.c.obj
                0x080021cc                cJSON_free
 .text.cJSON_Delete
                0x080021dc       0x48 CMakeFiles/demo1.elf.dir/Core/Src/json/cJSON.c.obj
                0x080021dc                cJSON_Delete
 .text.parse_object
                0x08002224      0x126 CMakeFiles/demo1.elf.dir/Core/Src/json/cJSON.c.obj
 *fill*         0x0800234a        0x2 
 .text.parse_value
                0x0800234c      0x108 CMakeFiles/demo1.elf.dir/Core/Src/json/cJSON.c.obj
 .text.parse_array
                0x08002454       0xe6 CMakeFiles/demo1.elf.dir/Core/Src/json/cJSON.c.obj
 *fill*         0x0800253a        0x2 
 .text.cJSON_ParseWithOpts
                0x0800253c       0xc8 CMakeFiles/demo1.elf.dir/Core/Src/json/cJSON.c.obj
                0x0800253c                cJSON_ParseWithOpts
 .text.cJSON_Parse
                0x08002604        0xc CMakeFiles/demo1.elf.dir/Core/Src/json/cJSON.c.obj
                0x08002604                cJSON_Parse
 .text.cJSON_AddNumberToObject
                0x08002610       0x38 CMakeFiles/demo1.elf.dir/Core/Src/json/cJSON.c.obj
                0x08002610                cJSON_AddNumberToObject
 .text.cJSON_CreateString
                0x08002648       0x34 CMakeFiles/demo1.elf.dir/Core/Src/json/cJSON.c.obj
                0x08002648                cJSON_CreateString
 .text.cJSON_AddStringToObject
                0x0800267c       0x38 CMakeFiles/demo1.elf.dir/Core/Src/json/cJSON.c.obj
                0x0800267c                cJSON_AddStringToObject
 .text.mem_perused
                0x080026b4       0x2c CMakeFiles/demo1.elf.dir/Core/Src/json/malloc.c.obj
                0x080026b4                mem_perused
 .text.mymemcpy
                0x080026e0       0x14 CMakeFiles/demo1.elf.dir/Core/Src/json/malloc.c.obj
                0x080026e0                mymemcpy
 .text.mymemset
                0x080026f4       0x10 CMakeFiles/demo1.elf.dir/Core/Src/json/malloc.c.obj
                0x080026f4                mymemset
 .text.mem_init
                0x08002704       0x28 CMakeFiles/demo1.elf.dir/Core/Src/json/malloc.c.obj
                0x08002704                mem_init
 .text.mem_malloc
                0x0800272c       0x74 CMakeFiles/demo1.elf.dir/Core/Src/json/malloc.c.obj
                0x0800272c                mem_malloc
 .text.mem_free
                0x080027a0       0x48 CMakeFiles/demo1.elf.dir/Core/Src/json/malloc.c.obj
                0x080027a0                mem_free
 .text.myfree   0x080027e8       0x18 CMakeFiles/demo1.elf.dir/Core/Src/json/malloc.c.obj
                0x080027e8                myfree
 .text.mymalloc
                0x08002800       0x1c CMakeFiles/demo1.elf.dir/Core/Src/json/malloc.c.obj
                0x08002800                mymalloc
 .text.myrealloc
                0x0800281c       0x38 CMakeFiles/demo1.elf.dir/Core/Src/json/malloc.c.obj
                0x0800281c                myrealloc
 .text.mainInit
                0x08002854       0x28 CMakeFiles/demo1.elf.dir/Core/Src/main.c.obj
                0x08002854                mainInit
 .text.registerLoopCallBack
                0x0800287c       0x54 CMakeFiles/demo1.elf.dir/Core/Src/main.c.obj
                0x0800287c                registerLoopCallBack
 .text.Error_Handler
                0x080028d0        0x4 CMakeFiles/demo1.elf.dir/Core/Src/main.c.obj
                0x080028d0                Error_Handler
 .text.SystemClock_Config
                0x080028d4       0x86 CMakeFiles/demo1.elf.dir/Core/Src/main.c.obj
                0x080028d4                SystemClock_Config
 *fill*         0x0800295a        0x2 
 .text.main     0x0800295c       0x70 CMakeFiles/demo1.elf.dir/Core/Src/main.c.obj
                0x0800295c                main
 .text.MQTTSerialize_connectLength
                0x080029cc       0x88 CMakeFiles/demo1.elf.dir/Core/Src/mqtt/MQTTConnectClient.c.obj
                0x080029cc                MQTTSerialize_connectLength
 .text.MQTTSerialize_connect
                0x08002a54      0x124 CMakeFiles/demo1.elf.dir/Core/Src/mqtt/MQTTConnectClient.c.obj
                0x08002a54                MQTTSerialize_connect
 .text.MQTTDeserialize_publish
                0x08002b78       0x92 CMakeFiles/demo1.elf.dir/Core/Src/mqtt/MQTTDeserializePublish.c.obj
                0x08002b78                MQTTDeserialize_publish
 .text.MQTTDeserialize_ack
                0x08002c0a       0x46 CMakeFiles/demo1.elf.dir/Core/Src/mqtt/MQTTDeserializePublish.c.obj
                0x08002c0a                MQTTDeserialize_ack
 .text.bufchar  0x08002c50       0x2c CMakeFiles/demo1.elf.dir/Core/Src/mqtt/MQTTPacket.c.obj
                0x08002c50                bufchar
 .text.MQTTPacket_encode
                0x08002c7c       0x46 CMakeFiles/demo1.elf.dir/Core/Src/mqtt/MQTTPacket.c.obj
                0x08002c7c                MQTTPacket_encode
 .text.MQTTPacket_decode
                0x08002cc2       0x40 CMakeFiles/demo1.elf.dir/Core/Src/mqtt/MQTTPacket.c.obj
                0x08002cc2                MQTTPacket_decode
 *fill*         0x08002d02        0x2 
 .text.MQTTPacket_len
                0x08002d04       0x28 CMakeFiles/demo1.elf.dir/Core/Src/mqtt/MQTTPacket.c.obj
                0x08002d04                MQTTPacket_len
 .text.MQTTPacket_decodeBuf
                0x08002d2c       0x18 CMakeFiles/demo1.elf.dir/Core/Src/mqtt/MQTTPacket.c.obj
                0x08002d2c                MQTTPacket_decodeBuf
 .text.readInt  0x08002d44       0x10 CMakeFiles/demo1.elf.dir/Core/Src/mqtt/MQTTPacket.c.obj
                0x08002d44                readInt
 .text.readChar
                0x08002d54        0xc CMakeFiles/demo1.elf.dir/Core/Src/mqtt/MQTTPacket.c.obj
                0x08002d54                readChar
 .text.writeChar
                0x08002d60        0xc CMakeFiles/demo1.elf.dir/Core/Src/mqtt/MQTTPacket.c.obj
                0x08002d60                writeChar
 .text.writeInt
                0x08002d6c       0x2e CMakeFiles/demo1.elf.dir/Core/Src/mqtt/MQTTPacket.c.obj
                0x08002d6c                writeInt
 .text.writeCString
                0x08002d9a       0x28 CMakeFiles/demo1.elf.dir/Core/Src/mqtt/MQTTPacket.c.obj
                0x08002d9a                writeCString
 .text.writeMQTTString
                0x08002dc2       0x44 CMakeFiles/demo1.elf.dir/Core/Src/mqtt/MQTTPacket.c.obj
                0x08002dc2                writeMQTTString
 .text.readMQTTLenString
                0x08002e06       0x34 CMakeFiles/demo1.elf.dir/Core/Src/mqtt/MQTTPacket.c.obj
                0x08002e06                readMQTTLenString
 .text.MQTTstrlen
                0x08002e3a       0x1a CMakeFiles/demo1.elf.dir/Core/Src/mqtt/MQTTPacket.c.obj
                0x08002e3a                MQTTstrlen
 .text.MQTTPacket_read
                0x08002e54       0x56 CMakeFiles/demo1.elf.dir/Core/Src/mqtt/MQTTPacket.c.obj
                0x08002e54                MQTTPacket_read
 .text.MQTTSerialize_publishLength
                0x08002eaa       0x26 CMakeFiles/demo1.elf.dir/Core/Src/mqtt/MQTTSerializePublish.c.obj
                0x08002eaa                MQTTSerialize_publishLength
 .text.MQTTSerialize_publish
                0x08002ed0       0x92 CMakeFiles/demo1.elf.dir/Core/Src/mqtt/MQTTSerializePublish.c.obj
                0x08002ed0                MQTTSerialize_publish
 .text.MQTTSerialize_ack
                0x08002f62       0x50 CMakeFiles/demo1.elf.dir/Core/Src/mqtt/MQTTSerializePublish.c.obj
                0x08002f62                MQTTSerialize_ack
 .text.MQTTSerialize_puback
                0x08002fb2       0x14 CMakeFiles/demo1.elf.dir/Core/Src/mqtt/MQTTSerializePublish.c.obj
                0x08002fb2                MQTTSerialize_puback
 .text.MQTTSerialize_pubrec
                0x08002fc6       0x14 CMakeFiles/demo1.elf.dir/Core/Src/mqtt/MQTTSerializePublish.c.obj
                0x08002fc6                MQTTSerialize_pubrec
 .text.MQTTSerialize_pubrel
                0x08002fda       0x14 CMakeFiles/demo1.elf.dir/Core/Src/mqtt/MQTTSerializePublish.c.obj
                0x08002fda                MQTTSerialize_pubrel
 .text.MQTTSerialize_pubcomp
                0x08002fee       0x14 CMakeFiles/demo1.elf.dir/Core/Src/mqtt/MQTTSerializePublish.c.obj
                0x08002fee                MQTTSerialize_pubcomp
 .text.MQTTSerialize_subscribeLength
                0x08003002       0x2a CMakeFiles/demo1.elf.dir/Core/Src/mqtt/MQTTSubscribeClient.c.obj
                0x08003002                MQTTSerialize_subscribeLength
 .text.MQTTSerialize_subscribe
                0x0800302c       0x94 CMakeFiles/demo1.elf.dir/Core/Src/mqtt/MQTTSubscribeClient.c.obj
                0x0800302c                MQTTSerialize_subscribe
 .text.HAL_MspInit
                0x080030c0       0x44 CMakeFiles/demo1.elf.dir/Core/Src/stm32f1xx_hal_msp.c.obj
                0x080030c0                HAL_MspInit
 .text.NMI_Handler
                0x08003104        0x2 CMakeFiles/demo1.elf.dir/Core/Src/stm32f1xx_it.c.obj
                0x08003104                NMI_Handler
 .text.HardFault_Handler
                0x08003106        0x2 CMakeFiles/demo1.elf.dir/Core/Src/stm32f1xx_it.c.obj
                0x08003106                HardFault_Handler
 .text.MemManage_Handler
                0x08003108        0x2 CMakeFiles/demo1.elf.dir/Core/Src/stm32f1xx_it.c.obj
                0x08003108                MemManage_Handler
 .text.BusFault_Handler
                0x0800310a        0x2 CMakeFiles/demo1.elf.dir/Core/Src/stm32f1xx_it.c.obj
                0x0800310a                BusFault_Handler
 .text.UsageFault_Handler
                0x0800310c        0x2 CMakeFiles/demo1.elf.dir/Core/Src/stm32f1xx_it.c.obj
                0x0800310c                UsageFault_Handler
 .text.SVC_Handler
                0x0800310e        0x2 CMakeFiles/demo1.elf.dir/Core/Src/stm32f1xx_it.c.obj
                0x0800310e                SVC_Handler
 .text.DebugMon_Handler
                0x08003110        0x2 CMakeFiles/demo1.elf.dir/Core/Src/stm32f1xx_it.c.obj
                0x08003110                DebugMon_Handler
 .text.PendSV_Handler
                0x08003112        0x2 CMakeFiles/demo1.elf.dir/Core/Src/stm32f1xx_it.c.obj
                0x08003112                PendSV_Handler
 .text.SysTick_Handler
                0x08003114        0x8 CMakeFiles/demo1.elf.dir/Core/Src/stm32f1xx_it.c.obj
                0x08003114                SysTick_Handler
 .text.EXTI0_IRQHandler
                0x0800311c        0xa CMakeFiles/demo1.elf.dir/Core/Src/stm32f1xx_it.c.obj
                0x0800311c                EXTI0_IRQHandler
 *fill*         0x08003126        0x2 
 .text.DMA1_Channel3_IRQHandler
                0x08003128       0x10 CMakeFiles/demo1.elf.dir/Core/Src/stm32f1xx_it.c.obj
                0x08003128                DMA1_Channel3_IRQHandler
 .text.DMA1_Channel6_IRQHandler
                0x08003138       0x10 CMakeFiles/demo1.elf.dir/Core/Src/stm32f1xx_it.c.obj
                0x08003138                DMA1_Channel6_IRQHandler
 .text.TIM4_IRQHandler
                0x08003148       0x10 CMakeFiles/demo1.elf.dir/Core/Src/stm32f1xx_it.c.obj
                0x08003148                TIM4_IRQHandler
 .text.USART2_IRQHandler
                0x08003158       0x10 CMakeFiles/demo1.elf.dir/Core/Src/stm32f1xx_it.c.obj
                0x08003158                USART2_IRQHandler
 .text.USART3_IRQHandler
                0x08003168       0x10 CMakeFiles/demo1.elf.dir/Core/Src/stm32f1xx_it.c.obj
                0x08003168                USART3_IRQHandler
 .text.TIM5_IRQHandler
                0x08003178       0x10 CMakeFiles/demo1.elf.dir/Core/Src/stm32f1xx_it.c.obj
                0x08003178                TIM5_IRQHandler
 .text.TIM6_IRQHandler
                0x08003188       0x10 CMakeFiles/demo1.elf.dir/Core/Src/stm32f1xx_it.c.obj
                0x08003188                TIM6_IRQHandler
 .text.TIM7_IRQHandler
                0x08003198       0x10 CMakeFiles/demo1.elf.dir/Core/Src/stm32f1xx_it.c.obj
                0x08003198                TIM7_IRQHandler
 .text.DMA2_Channel3_IRQHandler
                0x080031a8       0x10 CMakeFiles/demo1.elf.dir/Core/Src/stm32f1xx_it.c.obj
                0x080031a8                DMA2_Channel3_IRQHandler
 .text._getpid  0x080031b8        0x4 CMakeFiles/demo1.elf.dir/Core/Src/syscalls.c.obj
                0x080031b8                _getpid
 .text._kill    0x080031bc       0x10 CMakeFiles/demo1.elf.dir/Core/Src/syscalls.c.obj
                0x080031bc                _kill
 .text._exit    0x080031cc        0xc CMakeFiles/demo1.elf.dir/Core/Src/syscalls.c.obj
                0x080031cc                _exit
 .text._read    0x080031d8       0x20 CMakeFiles/demo1.elf.dir/Core/Src/syscalls.c.obj
                0x080031d8                _read
 .text._write   0x080031f8       0x1c CMakeFiles/demo1.elf.dir/Core/Src/syscalls.c.obj
                0x080031f8                _write
 .text._sbrk    0x08003214       0x3c CMakeFiles/demo1.elf.dir/Core/Src/syscalls.c.obj
                0x08003214                _sbrk
 .text._close   0x08003250        0x6 CMakeFiles/demo1.elf.dir/Core/Src/syscalls.c.obj
                0x08003250                _close
 .text._fstat   0x08003256        0xa CMakeFiles/demo1.elf.dir/Core/Src/syscalls.c.obj
                0x08003256                _fstat
 .text._isatty  0x08003260        0x4 CMakeFiles/demo1.elf.dir/Core/Src/syscalls.c.obj
                0x08003260                _isatty
 .text._lseek   0x08003264        0x4 CMakeFiles/demo1.elf.dir/Core/Src/syscalls.c.obj
                0x08003264                _lseek
 .text.SystemInit
                0x08003268        0x2 CMakeFiles/demo1.elf.dir/Core/Src/system_stm32f1xx.c.obj
                0x08003268                SystemInit
 *fill*         0x0800326a        0x2 
 .text.MX_TIM1_Init
                0x0800326c       0x74 CMakeFiles/demo1.elf.dir/Core/Src/tim.c.obj
                0x0800326c                MX_TIM1_Init
 .text.MX_TIM5_Init
                0x080032e0       0x70 CMakeFiles/demo1.elf.dir/Core/Src/tim.c.obj
                0x080032e0                MX_TIM5_Init
 .text.MX_TIM6_Init
                0x08003350       0x54 CMakeFiles/demo1.elf.dir/Core/Src/tim.c.obj
                0x08003350                MX_TIM6_Init
 .text.MX_TIM7_Init
                0x080033a4       0x54 CMakeFiles/demo1.elf.dir/Core/Src/tim.c.obj
                0x080033a4                MX_TIM7_Init
 .text.HAL_TIM_Base_MspInit
                0x080033f8      0x12c CMakeFiles/demo1.elf.dir/Core/Src/tim.c.obj
                0x080033f8                HAL_TIM_Base_MspInit
 .text.HAL_TIM_PWM_MspInit
                0x08003524       0x2c CMakeFiles/demo1.elf.dir/Core/Src/tim.c.obj
                0x08003524                HAL_TIM_PWM_MspInit
 .text.HAL_TIM_MspPostInit
                0x08003550       0xf0 CMakeFiles/demo1.elf.dir/Core/Src/tim.c.obj
                0x08003550                HAL_TIM_MspPostInit
 .text.MX_TIM2_Init
                0x08003640       0xac CMakeFiles/demo1.elf.dir/Core/Src/tim.c.obj
                0x08003640                MX_TIM2_Init
 .text.MX_TIM3_Init
                0x080036ec       0x9c CMakeFiles/demo1.elf.dir/Core/Src/tim.c.obj
                0x080036ec                MX_TIM3_Init
 .text.MX_TIM4_Init
                0x08003788       0xec CMakeFiles/demo1.elf.dir/Core/Src/tim.c.obj
                0x08003788                MX_TIM4_Init
 .text.MX_TIM8_Init
                0x08003874      0x120 CMakeFiles/demo1.elf.dir/Core/Src/tim.c.obj
                0x08003874                MX_TIM8_Init
 .text.__io_putchar
                0x08003994       0x20 CMakeFiles/demo1.elf.dir/Core/Src/usart.c.obj
                0x08003994                __io_putchar
 .text.MX_UART4_Init
                0x080039b4       0x34 CMakeFiles/demo1.elf.dir/Core/Src/usart.c.obj
                0x080039b4                MX_UART4_Init
 .text.MX_USART1_UART_Init
                0x080039e8       0x48 CMakeFiles/demo1.elf.dir/Core/Src/usart.c.obj
                0x080039e8                MX_USART1_UART_Init
 .text.MX_USART2_UART_Init
                0x08003a30       0x34 CMakeFiles/demo1.elf.dir/Core/Src/usart.c.obj
                0x08003a30                MX_USART2_UART_Init
 .text.MX_USART3_UART_Init
                0x08003a64       0x34 CMakeFiles/demo1.elf.dir/Core/Src/usart.c.obj
                0x08003a64                MX_USART3_UART_Init
 .text.HAL_UART_MspInit
                0x08003a98      0x24c CMakeFiles/demo1.elf.dir/Core/Src/usart.c.obj
                0x08003a98                HAL_UART_MspInit
 .text.getChipID
                0x08003ce4       0x34 CMakeFiles/demo1.elf.dir/Core/Src/user/chip_id.c.obj
                0x08003ce4                getChipID
 .text.isChange
                0x08003d18       0xd0 CMakeFiles/demo1.elf.dir/Core/Src/user/devInfo.c.obj
                0x08003d18                isChange
 .text.submitDevInfo
                0x08003de8      0x1a4 CMakeFiles/demo1.elf.dir/Core/Src/user/devInfo.c.obj
                0x08003de8                submitDevInfo
 .text.submitDevInfoLoop
                0x08003f8c       0x28 CMakeFiles/demo1.elf.dir/Core/Src/user/devInfo.c.obj
                0x08003f8c                submitDevInfoLoop
 .text.registerSubmitDevInfoLoop
                0x08003fb4       0x50 CMakeFiles/demo1.elf.dir/Core/Src/user/devInfo.c.obj
                0x08003fb4                registerSubmitDevInfoLoop
 .text.devInfoInit
                0x08004004       0x34 CMakeFiles/demo1.elf.dir/Core/Src/user/devInfo.c.obj
                0x08004004                devInfoInit
 .text.espCmdProcess
                0x08004038       0x38 CMakeFiles/demo1.elf.dir/Core/Src/user/esp01s.c.obj
                0x08004038                espCmdProcess
 .text.registerLoop
                0x08004070       0x4c CMakeFiles/demo1.elf.dir/Core/Src/user/esp01s.c.obj
                0x08004070                registerLoop
 .text.esp01sRecvMode
                0x080040bc       0x44 CMakeFiles/demo1.elf.dir/Core/Src/user/esp01s.c.obj
                0x080040bc                esp01sRecvMode
 .text.getRecvBuf
                0x08004100       0x84 CMakeFiles/demo1.elf.dir/Core/Src/user/esp01s.c.obj
                0x08004100                getRecvBuf
 .text.exeATCmd
                0x08004184       0x50 CMakeFiles/demo1.elf.dir/Core/Src/user/esp01s.c.obj
                0x08004184                exeATCmd
 .text.enterAirkiss
                0x080041d4       0x9c CMakeFiles/demo1.elf.dir/Core/Src/user/esp01s.c.obj
                0x080041d4                enterAirkiss
 .text.setMqttIp
                0x08004270      0x134 CMakeFiles/demo1.elf.dir/Core/Src/user/esp01s.c.obj
                0x08004270                setMqttIp
 .text.loopEsp01s
                0x080043a4        0xc CMakeFiles/demo1.elf.dir/Core/Src/user/esp01s.c.obj
                0x080043a4                loopEsp01s
 .text.esp01sInit
                0x080043b0        0xc CMakeFiles/demo1.elf.dir/Core/Src/user/esp01s.c.obj
                0x080043b0                esp01sInit
 .text.control_F1
                0x080043bc       0xfc CMakeFiles/demo1.elf.dir/Core/Src/user/h7contect.c.obj
                0x080043bc                control_F1
 .text.F1RecvMode
                0x080044b8       0x44 CMakeFiles/demo1.elf.dir/Core/Src/user/h7contect.c.obj
                0x080044b8                F1RecvMode
 .text.getH7RecvBuf
                0x080044fc       0x58 CMakeFiles/demo1.elf.dir/Core/Src/user/h7contect.c.obj
                0x080044fc                getH7RecvBuf
 .text.exeF1Cmd
                0x08004554        0xa CMakeFiles/demo1.elf.dir/Core/Src/user/h7contect.c.obj
                0x08004554                exeF1Cmd
 *fill*         0x0800455e        0x2 
 .text.reportDeviceStatus
                0x08004560       0x3c CMakeFiles/demo1.elf.dir/Core/Src/user/h7contect.c.obj
                0x08004560                reportDeviceStatus
 .text.enterConnectMode
                0x0800459c       0x58 CMakeFiles/demo1.elf.dir/Core/Src/user/h7contect.c.obj
                0x0800459c                enterConnectMode
 .text.registerConnectLoop
                0x080045f4       0x48 CMakeFiles/demo1.elf.dir/Core/Src/user/h7contect.c.obj
                0x080045f4                registerConnectLoop
 .text.loopF1H7
                0x0800463c        0xc CMakeFiles/demo1.elf.dir/Core/Src/user/h7contect.c.obj
                0x0800463c                loopF1H7
 .text.F1H7Init
                0x08004648        0xc CMakeFiles/demo1.elf.dir/Core/Src/user/h7contect.c.obj
                0x08004648                F1H7Init
 .text.resetHeartbeatCount
                0x08004654        0xc CMakeFiles/demo1.elf.dir/Core/Src/user/heartbeat.c.obj
                0x08004654                resetHeartbeatCount
 .text.mqttHeartbeatSend
                0x08004660       0x24 CMakeFiles/demo1.elf.dir/Core/Src/user/heartbeat.c.obj
                0x08004660                mqttHeartbeatSend
 .text.heartbeatTime
                0x08004684       0x50 CMakeFiles/demo1.elf.dir/Core/Src/user/heartbeat.c.obj
                0x08004684                heartbeatTime
 .text.heartbeatOpen
                0x080046d4       0x1c CMakeFiles/demo1.elf.dir/Core/Src/user/heartbeat.c.obj
                0x080046d4                heartbeatOpen
 .text.heartbeatClose
                0x080046f0       0x10 CMakeFiles/demo1.elf.dir/Core/Src/user/heartbeat.c.obj
                0x080046f0                heartbeatClose
 .text.delay_ms
                0x08004700       0x12 CMakeFiles/demo1.elf.dir/Core/Src/user/init.c.obj
                0x08004700                delay_ms
 *fill*         0x08004712        0x2 
 .text.software_reset
                0x08004714       0x14 CMakeFiles/demo1.elf.dir/Core/Src/user/init.c.obj
                0x08004714                software_reset
 .text.userInit
                0x08004728       0x34 CMakeFiles/demo1.elf.dir/Core/Src/user/init.c.obj
                0x08004728                userInit
 .text.getKeyFlag
                0x0800475c        0xc CMakeFiles/demo1.elf.dir/Core/Src/user/key.c.obj
                0x0800475c                getKeyFlag
 .text.cleanKeyFlag
                0x08004768        0xc CMakeFiles/demo1.elf.dir/Core/Src/user/key.c.obj
                0x08004768                cleanKeyFlag
 .text.keyEvent
                0x08004774       0x2c CMakeFiles/demo1.elf.dir/Core/Src/user/key.c.obj
                0x08004774                keyEvent
 .text.keyProcess
                0x080047a0       0x30 CMakeFiles/demo1.elf.dir/Core/Src/user/key.c.obj
                0x080047a0                keyProcess
 .text.motor1Init
                0x080047d0       0x1c CMakeFiles/demo1.elf.dir/Core/Src/user/motor.c.obj
                0x080047d0                motor1Init
 .text.motor2Init
                0x080047ec       0x1c CMakeFiles/demo1.elf.dir/Core/Src/user/motor.c.obj
                0x080047ec                motor2Init
 .text.motor3Init
                0x08004808       0x1c CMakeFiles/demo1.elf.dir/Core/Src/user/motor.c.obj
                0x08004808                motor3Init
 .text.motor4Init
                0x08004824       0x1c CMakeFiles/demo1.elf.dir/Core/Src/user/motor.c.obj
                0x08004824                motor4Init
 .text.motor1Stop
                0x08004840       0x1c CMakeFiles/demo1.elf.dir/Core/Src/user/motor.c.obj
                0x08004840                motor1Stop
 .text.motor3Stop
                0x0800485c       0x1c CMakeFiles/demo1.elf.dir/Core/Src/user/motor.c.obj
                0x0800485c                motor3Stop
 .text.motor4Stop
                0x08004878       0x1c CMakeFiles/demo1.elf.dir/Core/Src/user/motor.c.obj
                0x08004878                motor4Stop
 .text.motor1Speed
                0x08004894       0x20 CMakeFiles/demo1.elf.dir/Core/Src/user/motor.c.obj
                0x08004894                motor1Speed
 .text.motor2Speed
                0x080048b4       0x2c CMakeFiles/demo1.elf.dir/Core/Src/user/motor.c.obj
                0x080048b4                motor2Speed
 .text.motor3Speed
                0x080048e0       0x2c CMakeFiles/demo1.elf.dir/Core/Src/user/motor.c.obj
                0x080048e0                motor3Speed
 .text.motor4Speed
                0x0800490c       0x2c CMakeFiles/demo1.elf.dir/Core/Src/user/motor.c.obj
                0x0800490c                motor4Speed
 .text.mqttCtlMotor
                0x08004938      0x144 CMakeFiles/demo1.elf.dir/Core/Src/user/motor.c.obj
                0x08004938                mqttCtlMotor
 .text.motorStart
                0x08004a7c       0x14 CMakeFiles/demo1.elf.dir/Core/Src/user/motor.c.obj
                0x08004a7c                motorStart
 .text.motorStop
                0x08004a90       0x18 CMakeFiles/demo1.elf.dir/Core/Src/user/motor.c.obj
                0x08004a90                motorStop
 .text.motorFull
                0x08004aa8       0x44 CMakeFiles/demo1.elf.dir/Core/Src/user/motor.c.obj
                0x08004aa8                motorFull
 .text.motorHalf
                0x08004aec       0x44 CMakeFiles/demo1.elf.dir/Core/Src/user/motor.c.obj
                0x08004aec                motorHalf
 .text.isValid  0x08004b30       0x74 CMakeFiles/demo1.elf.dir/Core/Src/user/mqttCmd.c.obj
                0x08004b30                isValid
 .text.mqttCmdProcess
                0x08004ba4       0x50 CMakeFiles/demo1.elf.dir/Core/Src/user/mqttCmd.c.obj
                0x08004ba4                mqttCmdProcess
 .text.loopMqttMsg
                0x08004bf4       0xa4 CMakeFiles/demo1.elf.dir/Core/Src/user/mqtt_queue.c.obj
                0x08004bf4                loopMqttMsg
 .text.registerMqttMsgLoop
                0x08004c98       0x48 CMakeFiles/demo1.elf.dir/Core/Src/user/mqtt_queue.c.obj
                0x08004c98                registerMqttMsgLoop
 .text.mqttMsgInit
                0x08004ce0       0x20 CMakeFiles/demo1.elf.dir/Core/Src/user/mqtt_queue.c.obj
                0x08004ce0                mqttMsgInit
 .text.mqttTime
                0x08004d00       0x34 CMakeFiles/demo1.elf.dir/Core/Src/user/mqtt_queue.c.obj
                0x08004d00                mqttTime
 .text.insertMqttMsg
                0x08004d34       0x58 CMakeFiles/demo1.elf.dir/Core/Src/user/mqtt_queue.c.obj
                0x08004d34                insertMqttMsg
 .text.removeMqttMsg
                0x08004d8c       0x30 CMakeFiles/demo1.elf.dir/Core/Src/user/mqtt_queue.c.obj
                0x08004d8c                removeMqttMsg
 .text.HAL_UARTEx_RxEventCallback
                0x08004dbc        0x2 CMakeFiles/demo1.elf.dir/Core/Src/user/myExti.c.obj
                0x08004dbc                HAL_UARTEx_RxEventCallback
 *fill*         0x08004dbe        0x2 
 .text.HAL_TIM_PeriodElapsedCallback
                0x08004dc0       0x4c CMakeFiles/demo1.elf.dir/Core/Src/user/myExti.c.obj
                0x08004dc0                HAL_TIM_PeriodElapsedCallback
 .text.HAL_GPIO_EXTI_Callback
                0x08004e0c        0xe CMakeFiles/demo1.elf.dir/Core/Src/user/myExti.c.obj
                0x08004e0c                HAL_GPIO_EXTI_Callback
 *fill*         0x08004e1a        0x2 
 .text.transport_getdata
                0x08004e1c       0x30 CMakeFiles/demo1.elf.dir/Core/Src/user/myMqtt.c.obj
                0x08004e1c                transport_getdata
 .text.devOffline
                0x08004e4c       0x14 CMakeFiles/demo1.elf.dir/Core/Src/user/myMqtt.c.obj
                0x08004e4c                devOffline
 .text.Mqtt_connect
                0x08004e60      0x100 CMakeFiles/demo1.elf.dir/Core/Src/user/myMqtt.c.obj
                0x08004e60                Mqtt_connect
 .text.Mqtt_subscribe
                0x08004f60       0x6c CMakeFiles/demo1.elf.dir/Core/Src/user/myMqtt.c.obj
                0x08004f60                Mqtt_subscribe
 .text.onLineLoop
                0x08004fcc      0x118 CMakeFiles/demo1.elf.dir/Core/Src/user/myMqtt.c.obj
                0x08004fcc                onLineLoop
 .text.mqttMsgProcess
                0x080050e4      0x17c CMakeFiles/demo1.elf.dir/Core/Src/user/myMqtt.c.obj
                0x080050e4                mqttMsgProcess
 .text.registerMqttLoop
                0x08005260       0x4c CMakeFiles/demo1.elf.dir/Core/Src/user/myMqtt.c.obj
                0x08005260                registerMqttLoop
 .text.mqttInit
                0x080052ac        0x8 CMakeFiles/demo1.elf.dir/Core/Src/user/myMqtt.c.obj
                0x080052ac                mqttInit
 .text.mqttSerializePublish
                0x080052b4       0xb0 CMakeFiles/demo1.elf.dir/Core/Src/user/myMqttSub.c.obj
                0x080052b4                mqttSerializePublish
 .text.sendMqttOnlineMsg
                0x08005364       0x94 CMakeFiles/demo1.elf.dir/Core/Src/user/myMqttSub.c.obj
                0x08005364                sendMqttOnlineMsg
 .text.handle_publish
                0x080053f8       0x98 CMakeFiles/demo1.elf.dir/Core/Src/user/myMqttSub.c.obj
                0x080053f8                handle_publish
 .text.printf_uart1
                0x08005490       0x48 CMakeFiles/demo1.elf.dir/Core/Src/user/myPrintf.c.obj
                0x08005490                printf_uart1
 .text.printf_uart2
                0x080054d8       0x4c CMakeFiles/demo1.elf.dir/Core/Src/user/myPrintf.c.obj
                0x080054d8                printf_uart2
 .text.printf_uart3
                0x08005524       0x48 CMakeFiles/demo1.elf.dir/Core/Src/user/myPrintf.c.obj
                0x08005524                printf_uart3
 .text.printf_uart4
                0x0800556c       0x48 CMakeFiles/demo1.elf.dir/Core/Src/user/myPrintf.c.obj
                0x0800556c                printf_uart4
 .text.netCmdProcess
                0x080055b4       0x24 CMakeFiles/demo1.elf.dir/Core/Src/user/net.c.obj
                0x080055b4                netCmdProcess
 .text.registerNetLoop
                0x080055d8       0x4c CMakeFiles/demo1.elf.dir/Core/Src/user/net.c.obj
                0x080055d8                registerNetLoop
 .text.netInit  0x08005624        0x8 CMakeFiles/demo1.elf.dir/Core/Src/user/net.c.obj
                0x08005624                netInit
 .text.setRGBColor
                0x0800562c       0x24 CMakeFiles/demo1.elf.dir/Core/Src/user/rgb.c.obj
                0x0800562c                setRGBColor
 .text.breathingLamp
                0x08005650       0x54 CMakeFiles/demo1.elf.dir/Core/Src/user/rgb.c.obj
                0x08005650                breathingLamp
 .text.rgbInit  0x080056a4       0x30 CMakeFiles/demo1.elf.dir/Core/Src/user/rgb.c.obj
                0x080056a4                rgbInit
 .text.onBreathingLamp
                0x080056d4       0x18 CMakeFiles/demo1.elf.dir/Core/Src/user/rgb.c.obj
                0x080056d4                onBreathingLamp
 .text.offBreathingLamp
                0x080056ec       0x24 CMakeFiles/demo1.elf.dir/Core/Src/user/rgb.c.obj
                0x080056ec                offBreathingLamp
 .text.Reset_Handler
                0x08005710       0x48 CMakeFiles/demo1.elf.dir/Core/Startup/startup_stm32f103rctx.s.obj
                0x08005710                Reset_Handler
 .text.Default_Handler
                0x08005758        0x2 CMakeFiles/demo1.elf.dir/Core/Startup/startup_stm32f103rctx.s.obj
                0x08005758                RTC_Alarm_IRQHandler
                0x08005758                EXTI2_IRQHandler
                0x08005758                TIM8_TRG_COM_IRQHandler
                0x08005758                TIM8_CC_IRQHandler
                0x08005758                TIM1_CC_IRQHandler
                0x08005758                PVD_IRQHandler
                0x08005758                SDIO_IRQHandler
                0x08005758                EXTI3_IRQHandler
                0x08005758                I2C2_EV_IRQHandler
                0x08005758                ADC1_2_IRQHandler
                0x08005758                SPI1_IRQHandler
                0x08005758                TAMPER_IRQHandler
                0x08005758                TIM8_UP_IRQHandler
                0x08005758                DMA2_Channel2_IRQHandler
                0x08005758                DMA1_Channel4_IRQHandler
                0x08005758                RTC_IRQHandler
                0x08005758                DMA1_Channel7_IRQHandler
                0x08005758                CAN1_RX1_IRQHandler
                0x08005758                UART5_IRQHandler
                0x08005758                ADC3_IRQHandler
                0x08005758                DMA2_Channel1_IRQHandler
                0x08005758                I2C1_EV_IRQHandler
                0x08005758                UART4_IRQHandler
                0x08005758                TIM3_IRQHandler
                0x08005758                RCC_IRQHandler
                0x08005758                TIM1_TRG_COM_IRQHandler
                0x08005758                DMA1_Channel1_IRQHandler
                0x08005758                Default_Handler
                0x08005758                EXTI15_10_IRQHandler
                0x08005758                EXTI9_5_IRQHandler
                0x08005758                SPI2_IRQHandler
                0x08005758                DMA1_Channel5_IRQHandler
                0x08005758                EXTI4_IRQHandler
                0x08005758                USB_LP_CAN1_RX0_IRQHandler
                0x08005758                USB_HP_CAN1_TX_IRQHandler
                0x08005758                FSMC_IRQHandler
                0x08005758                TIM1_UP_IRQHandler
                0x08005758                WWDG_IRQHandler
                0x08005758                TIM2_IRQHandler
                0x08005758                TIM1_BRK_IRQHandler
                0x08005758                EXTI1_IRQHandler
                0x08005758                DMA2_Channel4_5_IRQHandler
                0x08005758                I2C2_ER_IRQHandler
                0x08005758                DMA1_Channel2_IRQHandler
                0x08005758                TIM8_BRK_IRQHandler
                0x08005758                CAN1_SCE_IRQHandler
                0x08005758                FLASH_IRQHandler
                0x08005758                USART1_IRQHandler
                0x08005758                SPI3_IRQHandler
                0x08005758                I2C1_ER_IRQHandler
                0x08005758                USBWakeUp_IRQHandler
 *fill*         0x0800575a        0x2 
 .text.HAL_InitTick
                0x0800575c       0x4c CMakeFiles/demo1.elf.dir/Drivers/STM32F1xx_HAL_Driver/Src/stm32f1xx_hal.c.obj
                0x0800575c                HAL_InitTick
 .text.HAL_Init
                0x080057a8       0x24 CMakeFiles/demo1.elf.dir/Drivers/STM32F1xx_HAL_Driver/Src/stm32f1xx_hal.c.obj
                0x080057a8                HAL_Init
 .text.HAL_IncTick
                0x080057cc       0x18 CMakeFiles/demo1.elf.dir/Drivers/STM32F1xx_HAL_Driver/Src/stm32f1xx_hal.c.obj
                0x080057cc                HAL_IncTick
 .text.HAL_GetTick
                0x080057e4        0xc CMakeFiles/demo1.elf.dir/Drivers/STM32F1xx_HAL_Driver/Src/stm32f1xx_hal.c.obj
                0x080057e4                HAL_GetTick
 .text.HAL_ADC_ConfigChannel
                0x080057f0      0x144 CMakeFiles/demo1.elf.dir/Drivers/STM32F1xx_HAL_Driver/Src/stm32f1xx_hal_adc.c.obj
                0x080057f0                HAL_ADC_ConfigChannel
 .text.ADC_ConversionStop_Disable
                0x08005934       0x56 CMakeFiles/demo1.elf.dir/Drivers/STM32F1xx_HAL_Driver/Src/stm32f1xx_hal_adc.c.obj
                0x08005934                ADC_ConversionStop_Disable
 *fill*         0x0800598a        0x2 
 .text.HAL_ADC_Init
                0x0800598c      0x128 CMakeFiles/demo1.elf.dir/Drivers/STM32F1xx_HAL_Driver/Src/stm32f1xx_hal_adc.c.obj
                0x0800598c                HAL_ADC_Init
 .text.HAL_NVIC_SetPriorityGrouping
                0x08005ab4       0x24 CMakeFiles/demo1.elf.dir/Drivers/STM32F1xx_HAL_Driver/Src/stm32f1xx_hal_cortex.c.obj
                0x08005ab4                HAL_NVIC_SetPriorityGrouping
 .text.HAL_NVIC_SetPriority
                0x08005ad8       0x70 CMakeFiles/demo1.elf.dir/Drivers/STM32F1xx_HAL_Driver/Src/stm32f1xx_hal_cortex.c.obj
                0x08005ad8                HAL_NVIC_SetPriority
 .text.HAL_NVIC_EnableIRQ
                0x08005b48       0x1c CMakeFiles/demo1.elf.dir/Drivers/STM32F1xx_HAL_Driver/Src/stm32f1xx_hal_cortex.c.obj
                0x08005b48                HAL_NVIC_EnableIRQ
 .text.HAL_SYSTICK_Config
                0x08005b64       0x28 CMakeFiles/demo1.elf.dir/Drivers/STM32F1xx_HAL_Driver/Src/stm32f1xx_hal_cortex.c.obj
                0x08005b64                HAL_SYSTICK_Config
 .text.DMA_SetConfig
                0x08005b8c       0x2c CMakeFiles/demo1.elf.dir/Drivers/STM32F1xx_HAL_Driver/Src/stm32f1xx_hal_dma.c.obj
 .text.HAL_DMA_Init
                0x08005bb8       0x98 CMakeFiles/demo1.elf.dir/Drivers/STM32F1xx_HAL_Driver/Src/stm32f1xx_hal_dma.c.obj
                0x08005bb8                HAL_DMA_Init
 .text.HAL_DMA_Start_IT
                0x08005c50       0x74 CMakeFiles/demo1.elf.dir/Drivers/STM32F1xx_HAL_Driver/Src/stm32f1xx_hal_dma.c.obj
                0x08005c50                HAL_DMA_Start_IT
 .text.HAL_DMA_Abort
                0x08005cc4       0x44 CMakeFiles/demo1.elf.dir/Drivers/STM32F1xx_HAL_Driver/Src/stm32f1xx_hal_dma.c.obj
                0x08005cc4                HAL_DMA_Abort
 .text.HAL_DMA_Abort_IT
                0x08005d08      0x168 CMakeFiles/demo1.elf.dir/Drivers/STM32F1xx_HAL_Driver/Src/stm32f1xx_hal_dma.c.obj
                0x08005d08                HAL_DMA_Abort_IT
 .text.HAL_DMA_IRQHandler
                0x08005e70      0x2ec CMakeFiles/demo1.elf.dir/Drivers/STM32F1xx_HAL_Driver/Src/stm32f1xx_hal_dma.c.obj
                0x08005e70                HAL_DMA_IRQHandler
 .text.HAL_GPIO_Init
                0x0800615c      0x240 CMakeFiles/demo1.elf.dir/Drivers/STM32F1xx_HAL_Driver/Src/stm32f1xx_hal_gpio.c.obj
                0x0800615c                HAL_GPIO_Init
 .text.HAL_GPIO_ReadPin
                0x0800639c        0xe CMakeFiles/demo1.elf.dir/Drivers/STM32F1xx_HAL_Driver/Src/stm32f1xx_hal_gpio.c.obj
                0x0800639c                HAL_GPIO_ReadPin
 *fill*         0x080063aa        0x2 
 .text.HAL_GPIO_EXTI_IRQHandler
                0x080063ac       0x1c CMakeFiles/demo1.elf.dir/Drivers/STM32F1xx_HAL_Driver/Src/stm32f1xx_hal_gpio.c.obj
                0x080063ac                HAL_GPIO_EXTI_IRQHandler
 .text.RCC_Delay
                0x080063c8       0x2c CMakeFiles/demo1.elf.dir/Drivers/STM32F1xx_HAL_Driver/Src/stm32f1xx_hal_rcc.c.obj
 .text.HAL_RCC_OscConfig
                0x080063f4      0x410 CMakeFiles/demo1.elf.dir/Drivers/STM32F1xx_HAL_Driver/Src/stm32f1xx_hal_rcc.c.obj
                0x080063f4                HAL_RCC_OscConfig
 .text.HAL_RCC_GetSysClockFreq
                0x08006804       0x70 CMakeFiles/demo1.elf.dir/Drivers/STM32F1xx_HAL_Driver/Src/stm32f1xx_hal_rcc.c.obj
                0x08006804                HAL_RCC_GetSysClockFreq
 .text.HAL_RCC_ClockConfig
                0x08006874      0x16c CMakeFiles/demo1.elf.dir/Drivers/STM32F1xx_HAL_Driver/Src/stm32f1xx_hal_rcc.c.obj
                0x08006874                HAL_RCC_ClockConfig
 .text.HAL_RCC_GetHCLKFreq
                0x080069e0        0xc CMakeFiles/demo1.elf.dir/Drivers/STM32F1xx_HAL_Driver/Src/stm32f1xx_hal_rcc.c.obj
                0x080069e0                HAL_RCC_GetHCLKFreq
 .text.HAL_RCC_GetPCLK1Freq
                0x080069ec       0x20 CMakeFiles/demo1.elf.dir/Drivers/STM32F1xx_HAL_Driver/Src/stm32f1xx_hal_rcc.c.obj
                0x080069ec                HAL_RCC_GetPCLK1Freq
 .text.HAL_RCC_GetPCLK2Freq
                0x08006a0c       0x20 CMakeFiles/demo1.elf.dir/Drivers/STM32F1xx_HAL_Driver/Src/stm32f1xx_hal_rcc.c.obj
                0x08006a0c                HAL_RCC_GetPCLK2Freq
 .text.HAL_RCCEx_PeriphCLKConfig
                0x08006a2c      0x118 CMakeFiles/demo1.elf.dir/Drivers/STM32F1xx_HAL_Driver/Src/stm32f1xx_hal_rcc_ex.c.obj
                0x08006a2c                HAL_RCCEx_PeriphCLKConfig
 .text.TIM_OC1_SetConfig
                0x08006b44       0x68 CMakeFiles/demo1.elf.dir/Drivers/STM32F1xx_HAL_Driver/Src/stm32f1xx_hal_tim.c.obj
 .text.TIM_OC3_SetConfig
                0x08006bac       0x70 CMakeFiles/demo1.elf.dir/Drivers/STM32F1xx_HAL_Driver/Src/stm32f1xx_hal_tim.c.obj
 .text.TIM_OC4_SetConfig
                0x08006c1c       0x50 CMakeFiles/demo1.elf.dir/Drivers/STM32F1xx_HAL_Driver/Src/stm32f1xx_hal_tim.c.obj
 .text.TIM_TI1_ConfigInputStage
                0x08006c6c       0x24 CMakeFiles/demo1.elf.dir/Drivers/STM32F1xx_HAL_Driver/Src/stm32f1xx_hal_tim.c.obj
 .text.TIM_TI2_ConfigInputStage
                0x08006c90       0x26 CMakeFiles/demo1.elf.dir/Drivers/STM32F1xx_HAL_Driver/Src/stm32f1xx_hal_tim.c.obj
 .text.TIM_ITRx_SetConfig
                0x08006cb6       0x10 CMakeFiles/demo1.elf.dir/Drivers/STM32F1xx_HAL_Driver/Src/stm32f1xx_hal_tim.c.obj
 *fill*         0x08006cc6        0x2 
 .text.HAL_TIM_Base_Start_IT
                0x08006cc8       0x78 CMakeFiles/demo1.elf.dir/Drivers/STM32F1xx_HAL_Driver/Src/stm32f1xx_hal_tim.c.obj
                0x08006cc8                HAL_TIM_Base_Start_IT
 .text.HAL_TIM_Base_Stop_IT
                0x08006d40       0x32 CMakeFiles/demo1.elf.dir/Drivers/STM32F1xx_HAL_Driver/Src/stm32f1xx_hal_tim.c.obj
                0x08006d40                HAL_TIM_Base_Stop_IT
 .text.HAL_TIM_OC_MspInit
                0x08006d72        0x2 CMakeFiles/demo1.elf.dir/Drivers/STM32F1xx_HAL_Driver/Src/stm32f1xx_hal_tim.c.obj
                0x08006d72                HAL_TIM_OC_MspInit
 .text.HAL_TIM_OC_DelayElapsedCallback
                0x08006d74        0x2 CMakeFiles/demo1.elf.dir/Drivers/STM32F1xx_HAL_Driver/Src/stm32f1xx_hal_tim.c.obj
                0x08006d74                HAL_TIM_OC_DelayElapsedCallback
 .text.HAL_TIM_IC_CaptureCallback
                0x08006d76        0x2 CMakeFiles/demo1.elf.dir/Drivers/STM32F1xx_HAL_Driver/Src/stm32f1xx_hal_tim.c.obj
                0x08006d76                HAL_TIM_IC_CaptureCallback
 .text.HAL_TIM_PWM_PulseFinishedCallback
                0x08006d78        0x2 CMakeFiles/demo1.elf.dir/Drivers/STM32F1xx_HAL_Driver/Src/stm32f1xx_hal_tim.c.obj
                0x08006d78                HAL_TIM_PWM_PulseFinishedCallback
 .text.HAL_TIM_TriggerCallback
                0x08006d7a        0x2 CMakeFiles/demo1.elf.dir/Drivers/STM32F1xx_HAL_Driver/Src/stm32f1xx_hal_tim.c.obj
                0x08006d7a                HAL_TIM_TriggerCallback
 .text.HAL_TIM_IRQHandler
                0x08006d7c      0x17a CMakeFiles/demo1.elf.dir/Drivers/STM32F1xx_HAL_Driver/Src/stm32f1xx_hal_tim.c.obj
                0x08006d7c                HAL_TIM_IRQHandler
 *fill*         0x08006ef6        0x2 
 .text.TIM_Base_SetConfig
                0x08006ef8       0x98 CMakeFiles/demo1.elf.dir/Drivers/STM32F1xx_HAL_Driver/Src/stm32f1xx_hal_tim.c.obj
                0x08006ef8                TIM_Base_SetConfig
 .text.HAL_TIM_Base_Init
                0x08006f90       0x58 CMakeFiles/demo1.elf.dir/Drivers/STM32F1xx_HAL_Driver/Src/stm32f1xx_hal_tim.c.obj
                0x08006f90                HAL_TIM_Base_Init
 .text.HAL_TIM_OC_Init
                0x08006fe8       0x58 CMakeFiles/demo1.elf.dir/Drivers/STM32F1xx_HAL_Driver/Src/stm32f1xx_hal_tim.c.obj
                0x08006fe8                HAL_TIM_OC_Init
 .text.HAL_TIM_PWM_Init
                0x08007040       0x58 CMakeFiles/demo1.elf.dir/Drivers/STM32F1xx_HAL_Driver/Src/stm32f1xx_hal_tim.c.obj
                0x08007040                HAL_TIM_PWM_Init
 .text.TIM_OC2_SetConfig
                0x08007098       0x70 CMakeFiles/demo1.elf.dir/Drivers/STM32F1xx_HAL_Driver/Src/stm32f1xx_hal_tim.c.obj
                0x08007098                TIM_OC2_SetConfig
 .text.HAL_TIM_OC_ConfigChannel
                0x08007108       0x52 CMakeFiles/demo1.elf.dir/Drivers/STM32F1xx_HAL_Driver/Src/stm32f1xx_hal_tim.c.obj
                0x08007108                HAL_TIM_OC_ConfigChannel
 .text.HAL_TIM_PWM_ConfigChannel
                0x0800715a       0xd0 CMakeFiles/demo1.elf.dir/Drivers/STM32F1xx_HAL_Driver/Src/stm32f1xx_hal_tim.c.obj
                0x0800715a                HAL_TIM_PWM_ConfigChannel
 .text.TIM_ETR_SetConfig
                0x0800722a       0x18 CMakeFiles/demo1.elf.dir/Drivers/STM32F1xx_HAL_Driver/Src/stm32f1xx_hal_tim.c.obj
                0x0800722a                TIM_ETR_SetConfig
 .text.HAL_TIM_ConfigClockSource
                0x08007242       0xda CMakeFiles/demo1.elf.dir/Drivers/STM32F1xx_HAL_Driver/Src/stm32f1xx_hal_tim.c.obj
                0x08007242                HAL_TIM_ConfigClockSource
 .text.TIM_CCxChannelCmd
                0x0800731c       0x1e CMakeFiles/demo1.elf.dir/Drivers/STM32F1xx_HAL_Driver/Src/stm32f1xx_hal_tim.c.obj
                0x0800731c                TIM_CCxChannelCmd
 *fill*         0x0800733a        0x2 
 .text.HAL_TIM_PWM_Start
                0x0800733c       0xf4 CMakeFiles/demo1.elf.dir/Drivers/STM32F1xx_HAL_Driver/Src/stm32f1xx_hal_tim.c.obj
                0x0800733c                HAL_TIM_PWM_Start
 .text.HAL_TIM_PWM_Stop
                0x08007430       0x8c CMakeFiles/demo1.elf.dir/Drivers/STM32F1xx_HAL_Driver/Src/stm32f1xx_hal_tim.c.obj
                0x08007430                HAL_TIM_PWM_Stop
 .text.HAL_TIMEx_MasterConfigSynchronization
                0x080074bc       0x7c CMakeFiles/demo1.elf.dir/Drivers/STM32F1xx_HAL_Driver/Src/stm32f1xx_hal_tim_ex.c.obj
                0x080074bc                HAL_TIMEx_MasterConfigSynchronization
 .text.HAL_TIMEx_ConfigBreakDeadTime
                0x08007538       0x52 CMakeFiles/demo1.elf.dir/Drivers/STM32F1xx_HAL_Driver/Src/stm32f1xx_hal_tim_ex.c.obj
                0x08007538                HAL_TIMEx_ConfigBreakDeadTime
 .text.HAL_TIMEx_CommutCallback
                0x0800758a        0x2 CMakeFiles/demo1.elf.dir/Drivers/STM32F1xx_HAL_Driver/Src/stm32f1xx_hal_tim_ex.c.obj
                0x0800758a                HAL_TIMEx_CommutCallback
 .text.HAL_TIMEx_BreakCallback
                0x0800758c        0x2 CMakeFiles/demo1.elf.dir/Drivers/STM32F1xx_HAL_Driver/Src/stm32f1xx_hal_tim_ex.c.obj
                0x0800758c                HAL_TIMEx_BreakCallback
 .text.UART_EndTxTransfer
                0x0800758e       0x12 CMakeFiles/demo1.elf.dir/Drivers/STM32F1xx_HAL_Driver/Src/stm32f1xx_hal_uart.c.obj
 .text.UART_EndRxTransfer
                0x080075a0       0x32 CMakeFiles/demo1.elf.dir/Drivers/STM32F1xx_HAL_Driver/Src/stm32f1xx_hal_uart.c.obj
 .text.UART_Transmit_IT
                0x080075d2       0x60 CMakeFiles/demo1.elf.dir/Drivers/STM32F1xx_HAL_Driver/Src/stm32f1xx_hal_uart.c.obj
 *fill*         0x08007632        0x2 
 .text.UART_SetConfig
                0x08007634       0x94 CMakeFiles/demo1.elf.dir/Drivers/STM32F1xx_HAL_Driver/Src/stm32f1xx_hal_uart.c.obj
 .text.UART_WaitOnFlagUntilTimeout
                0x080076c8       0x6c CMakeFiles/demo1.elf.dir/Drivers/STM32F1xx_HAL_Driver/Src/stm32f1xx_hal_uart.c.obj
 .text.HAL_UART_Init
                0x08007734       0x5e CMakeFiles/demo1.elf.dir/Drivers/STM32F1xx_HAL_Driver/Src/stm32f1xx_hal_uart.c.obj
                0x08007734                HAL_UART_Init
 .text.HAL_UART_Transmit
                0x08007792       0xd8 CMakeFiles/demo1.elf.dir/Drivers/STM32F1xx_HAL_Driver/Src/stm32f1xx_hal_uart.c.obj
                0x08007792                HAL_UART_Transmit
 .text.HAL_UART_TxCpltCallback
                0x0800786a        0x2 CMakeFiles/demo1.elf.dir/Drivers/STM32F1xx_HAL_Driver/Src/stm32f1xx_hal_uart.c.obj
                0x0800786a                HAL_UART_TxCpltCallback
 .text.UART_EndTransmit_IT
                0x0800786c       0x1a CMakeFiles/demo1.elf.dir/Drivers/STM32F1xx_HAL_Driver/Src/stm32f1xx_hal_uart.c.obj
 .text.HAL_UART_RxCpltCallback
                0x08007886        0x2 CMakeFiles/demo1.elf.dir/Drivers/STM32F1xx_HAL_Driver/Src/stm32f1xx_hal_uart.c.obj
                0x08007886                HAL_UART_RxCpltCallback
 .text.HAL_UART_RxHalfCpltCallback
                0x08007888        0x2 CMakeFiles/demo1.elf.dir/Drivers/STM32F1xx_HAL_Driver/Src/stm32f1xx_hal_uart.c.obj
                0x08007888                HAL_UART_RxHalfCpltCallback
 .text.HAL_UART_ErrorCallback
                0x0800788a        0x2 CMakeFiles/demo1.elf.dir/Drivers/STM32F1xx_HAL_Driver/Src/stm32f1xx_hal_uart.c.obj
                0x0800788a                HAL_UART_ErrorCallback
 .text.UART_DMAError
                0x0800788c       0x58 CMakeFiles/demo1.elf.dir/Drivers/STM32F1xx_HAL_Driver/Src/stm32f1xx_hal_uart.c.obj
 .text.UART_DMAAbortOnError
                0x080078e4       0x10 CMakeFiles/demo1.elf.dir/Drivers/STM32F1xx_HAL_Driver/Src/stm32f1xx_hal_uart.c.obj
 .text.UART_Receive_IT
                0x080078f4       0xd4 CMakeFiles/demo1.elf.dir/Drivers/STM32F1xx_HAL_Driver/Src/stm32f1xx_hal_uart.c.obj
 .text.HAL_UART_IRQHandler
                0x080079c8      0x204 CMakeFiles/demo1.elf.dir/Drivers/STM32F1xx_HAL_Driver/Src/stm32f1xx_hal_uart.c.obj
                0x080079c8                HAL_UART_IRQHandler
 .text.UART_DMARxHalfCplt
                0x08007bcc       0x1a CMakeFiles/demo1.elf.dir/Drivers/STM32F1xx_HAL_Driver/Src/stm32f1xx_hal_uart.c.obj
 .text.UART_DMAReceiveCplt
                0x08007be6       0x5e CMakeFiles/demo1.elf.dir/Drivers/STM32F1xx_HAL_Driver/Src/stm32f1xx_hal_uart.c.obj
 .text.UART_Start_Receive_DMA
                0x08007c44       0x78 CMakeFiles/demo1.elf.dir/Drivers/STM32F1xx_HAL_Driver/Src/stm32f1xx_hal_uart.c.obj
                0x08007c44                UART_Start_Receive_DMA
 .text.__errno  0x08007cbc        0xc c:/progra~2/gnuarm~1/102021~1.10/bin/../lib/gcc/arm-none-eabi/10.3.1/../../../../arm-none-eabi/lib/thumb/v7-m/nofp\libg.a(lib_a-errno.o)
                0x08007cbc                __errno
 .text.__libc_init_array
                0x08007cc8       0x48 c:/progra~2/gnuarm~1/102021~1.10/bin/../lib/gcc/arm-none-eabi/10.3.1/../../../../arm-none-eabi/lib/thumb/v7-m/nofp\libg.a(lib_a-init.o)
                0x08007cc8                __libc_init_array
 .text.malloc   0x08007d10       0x10 c:/progra~2/gnuarm~1/102021~1.10/bin/../lib/gcc/arm-none-eabi/10.3.1/../../../../arm-none-eabi/lib/thumb/v7-m/nofp\libg.a(lib_a-malloc.o)
                0x08007d10                malloc
 .text.free     0x08007d20       0x10 c:/progra~2/gnuarm~1/102021~1.10/bin/../lib/gcc/arm-none-eabi/10.3.1/../../../../arm-none-eabi/lib/thumb/v7-m/nofp\libg.a(lib_a-malloc.o)
                0x08007d20                free
 .text._malloc_r
                0x08007d30      0x558 c:/progra~2/gnuarm~1/102021~1.10/bin/../lib/gcc/arm-none-eabi/10.3.1/../../../../arm-none-eabi/lib/thumb/v7-m/nofp\libg.a(lib_a-mallocr.o)
                0x08007d30                _malloc_r
 .text.memcmp   0x08008288       0x68 c:/progra~2/gnuarm~1/102021~1.10/bin/../lib/gcc/arm-none-eabi/10.3.1/../../../../arm-none-eabi/lib/thumb/v7-m/nofp\libg.a(lib_a-memcmp.o)
                0x08008288                memcmp
 .text.memset   0x080082f0       0xa4 c:/progra~2/gnuarm~1/102021~1.10/bin/../lib/gcc/arm-none-eabi/10.3.1/../../../../arm-none-eabi/lib/thumb/v7-m/nofp\libg.a(lib_a-memset.o)
                0x080082f0                memset
 .text.__malloc_lock
                0x08008394        0xc c:/progra~2/gnuarm~1/102021~1.10/bin/../lib/gcc/arm-none-eabi/10.3.1/../../../../arm-none-eabi/lib/thumb/v7-m/nofp\libg.a(lib_a-mlock.o)
                0x08008394                __malloc_lock
 .text.__malloc_unlock
                0x080083a0        0xc c:/progra~2/gnuarm~1/102021~1.10/bin/../lib/gcc/arm-none-eabi/10.3.1/../../../../arm-none-eabi/lib/thumb/v7-m/nofp\libg.a(lib_a-mlock.o)
                0x080083a0                __malloc_unlock
 .text.printf   0x080083ac       0x28 c:/progra~2/gnuarm~1/102021~1.10/bin/../lib/gcc/arm-none-eabi/10.3.1/../../../../arm-none-eabi/lib/thumb/v7-m/nofp\libg.a(lib_a-printf.o)
                0x080083ac                printf
 .text._puts_r  0x080083d4       0x9c c:/progra~2/gnuarm~1/102021~1.10/bin/../lib/gcc/arm-none-eabi/10.3.1/../../../../arm-none-eabi/lib/thumb/v7-m/nofp\libg.a(lib_a-puts.o)
                0x080083d4                _puts_r
 .text.puts     0x08008470       0x10 c:/progra~2/gnuarm~1/102021~1.10/bin/../lib/gcc/arm-none-eabi/10.3.1/../../../../arm-none-eabi/lib/thumb/v7-m/nofp\libg.a(lib_a-puts.o)
                0x08008470                puts
 .text.realloc  0x08008480       0x14 c:/progra~2/gnuarm~1/102021~1.10/bin/../lib/gcc/arm-none-eabi/10.3.1/../../../../arm-none-eabi/lib/thumb/v7-m/nofp\libg.a(lib_a-realloc.o)
                0x08008480                realloc
 .text._realloc_r
                0x08008494      0x3dc c:/progra~2/gnuarm~1/102021~1.10/bin/../lib/gcc/arm-none-eabi/10.3.1/../../../../arm-none-eabi/lib/thumb/v7-m/nofp\libg.a(lib_a-reallocr.o)
                0x08008494                _realloc_r
 .text._sbrk_r  0x08008870       0x24 c:/progra~2/gnuarm~1/102021~1.10/bin/../lib/gcc/arm-none-eabi/10.3.1/../../../../arm-none-eabi/lib/thumb/v7-m/nofp\libg.a(lib_a-sbrkr.o)
                0x08008870                _sbrk_r
 .text.setvbuf  0x08008894      0x1b0 c:/progra~2/gnuarm~1/102021~1.10/bin/../lib/gcc/arm-none-eabi/10.3.1/../../../../arm-none-eabi/lib/thumb/v7-m/nofp\libg.a(lib_a-setvbuf.o)
                0x08008894                setvbuf
 .text.sprintf  0x08008a44       0x44 c:/progra~2/gnuarm~1/102021~1.10/bin/../lib/gcc/arm-none-eabi/10.3.1/../../../../arm-none-eabi/lib/thumb/v7-m/nofp\libg.a(lib_a-sprintf.o)
                0x08008a44                sprintf
 .text.sscanf   0x08008a88       0x58 c:/progra~2/gnuarm~1/102021~1.10/bin/../lib/gcc/arm-none-eabi/10.3.1/../../../../arm-none-eabi/lib/thumb/v7-m/nofp\libg.a(lib_a-sscanf.o)
                0x08008a88                sscanf
 .text.__sread  0x08008ae0       0x24 c:/progra~2/gnuarm~1/102021~1.10/bin/../lib/gcc/arm-none-eabi/10.3.1/../../../../arm-none-eabi/lib/thumb/v7-m/nofp\libg.a(lib_a-stdio.o)
                0x08008ae0                __sread
 .text.__seofread
                0x08008b04        0x4 c:/progra~2/gnuarm~1/102021~1.10/bin/../lib/gcc/arm-none-eabi/10.3.1/../../../../arm-none-eabi/lib/thumb/v7-m/nofp\libg.a(lib_a-stdio.o)
                0x08008b04                __seofread
 .text.__swrite
                0x08008b08       0x40 c:/progra~2/gnuarm~1/102021~1.10/bin/../lib/gcc/arm-none-eabi/10.3.1/../../../../arm-none-eabi/lib/thumb/v7-m/nofp\libg.a(lib_a-stdio.o)
                0x08008b08                __swrite
 .text.__sseek  0x08008b48       0x20 c:/progra~2/gnuarm~1/102021~1.10/bin/../lib/gcc/arm-none-eabi/10.3.1/../../../../arm-none-eabi/lib/thumb/v7-m/nofp\libg.a(lib_a-stdio.o)
                0x08008b48                __sseek
 .text.__sclose
                0x08008b68        0x8 c:/progra~2/gnuarm~1/102021~1.10/bin/../lib/gcc/arm-none-eabi/10.3.1/../../../../arm-none-eabi/lib/thumb/v7-m/nofp\libg.a(lib_a-stdio.o)
                0x08008b68                __sclose
 .text.strcpy   0x08008b70       0xbc c:/progra~2/gnuarm~1/102021~1.10/bin/../lib/gcc/arm-none-eabi/10.3.1/../../../../arm-none-eabi/lib/thumb/v7-m/nofp\libg.a(lib_a-strcpy.o)
                0x08008b70                strcpy
 .text.strlen   0x08008c2c       0x5c c:/progra~2/gnuarm~1/102021~1.10/bin/../lib/gcc/arm-none-eabi/10.3.1/../../../../arm-none-eabi/lib/thumb/v7-m/nofp\libg.a(lib_a-strlen-stub.o)
                0x08008c2c                strlen
 .text.strncmp  0x08008c88       0x7c c:/progra~2/gnuarm~1/102021~1.10/bin/../lib/gcc/arm-none-eabi/10.3.1/../../../../arm-none-eabi/lib/thumb/v7-m/nofp\libg.a(lib_a-strncmp.o)
                0x08008c88                strncmp
 .text.strncpy  0x08008d04       0x68 c:/progra~2/gnuarm~1/102021~1.10/bin/../lib/gcc/arm-none-eabi/10.3.1/../../../../arm-none-eabi/lib/thumb/v7-m/nofp\libg.a(lib_a-strncpy.o)
                0x08008d04                strncpy
 .text.two_way_long_needle
                0x08008d6c      0x2b8 c:/progra~2/gnuarm~1/102021~1.10/bin/../lib/gcc/arm-none-eabi/10.3.1/../../../../arm-none-eabi/lib/thumb/v7-m/nofp\libg.a(lib_a-strstr.o)
 .text.strstr   0x08009024      0x168 c:/progra~2/gnuarm~1/102021~1.10/bin/../lib/gcc/arm-none-eabi/10.3.1/../../../../arm-none-eabi/lib/thumb/v7-m/nofp\libg.a(lib_a-strstr.o)
                0x08009024                strstr
 *fill*         0x0800918c        0x4 
 .text._strtod_l
                0x08009190      0xf38 c:/progra~2/gnuarm~1/102021~1.10/bin/../lib/gcc/arm-none-eabi/10.3.1/../../../../arm-none-eabi/lib/thumb/v7-m/nofp\libg.a(lib_a-strtod.o)
                0x08009190                _strtod_l
 .text._strtod_r
                0x0800a0c8        0xc c:/progra~2/gnuarm~1/102021~1.10/bin/../lib/gcc/arm-none-eabi/10.3.1/../../../../arm-none-eabi/lib/thumb/v7-m/nofp\libg.a(lib_a-strtod.o)
                0x0800a0c8                _strtod_r
 .text.strtod   0x0800a0d4       0x18 c:/progra~2/gnuarm~1/102021~1.10/bin/../lib/gcc/arm-none-eabi/10.3.1/../../../../arm-none-eabi/lib/thumb/v7-m/nofp\libg.a(lib_a-strtod.o)
                0x0800a0d4                strtod
 .text._svfprintf_r
                0x0800a0ec     0x1aa4 c:/progra~2/gnuarm~1/102021~1.10/bin/../lib/gcc/arm-none-eabi/10.3.1/../../../../arm-none-eabi/lib/thumb/v7-m/nofp\libg.a(lib_a-svfprintf.o)
                0x0800a0ec                _svfprintf_r
 .text.__ssvfscanf_r
                0x0800bb90     0x1700 c:/progra~2/gnuarm~1/102021~1.10/bin/../lib/gcc/arm-none-eabi/10.3.1/../../../../arm-none-eabi/lib/thumb/v7-m/nofp\libg.a(lib_a-svfscanf.o)
                0x0800bb90                __ssvfscanf_r
 .text._vfprintf_r
                0x0800d290     0x1b58 c:/progra~2/gnuarm~1/102021~1.10/bin/../lib/gcc/arm-none-eabi/10.3.1/../../../../arm-none-eabi/lib/thumb/v7-m/nofp\libg.a(lib_a-vfprintf.o)
                0x0800d290                _vfprintf_r
 .text.__sbprintf
                0x0800ede8       0x84 c:/progra~2/gnuarm~1/102021~1.10/bin/../lib/gcc/arm-none-eabi/10.3.1/../../../../arm-none-eabi/lib/thumb/v7-m/nofp\libg.a(lib_a-vfprintf.o)
 .text.vsnprintf
                0x0800ee6c       0x6c c:/progra~2/gnuarm~1/102021~1.10/bin/../lib/gcc/arm-none-eabi/10.3.1/../../../../arm-none-eabi/lib/thumb/v7-m/nofp\libg.a(lib_a-vsnprintf.o)
                0x0800ee6c                vsnprintf
 .text._write_r
                0x0800eed8       0x2c c:/progra~2/gnuarm~1/102021~1.10/bin/../lib/gcc/arm-none-eabi/10.3.1/../../../../arm-none-eabi/lib/thumb/v7-m/nofp\libg.a(lib_a-writer.o)
                0x0800eed8                _write_r
 .text.__swsetup_r
                0x0800ef04       0xd4 c:/progra~2/gnuarm~1/102021~1.10/bin/../lib/gcc/arm-none-eabi/10.3.1/../../../../arm-none-eabi/lib/thumb/v7-m/nofp\libg.a(lib_a-wsetup.o)
                0x0800ef04                __swsetup_r
 .text.startup.register_fini
                0x0800efd8       0x14 c:/progra~2/gnuarm~1/102021~1.10/bin/../lib/gcc/arm-none-eabi/10.3.1/../../../../arm-none-eabi/lib/thumb/v7-m/nofp\libg.a(lib_a-__call_atexit.o)
 .text.atexit   0x0800efec        0xc c:/progra~2/gnuarm~1/102021~1.10/bin/../lib/gcc/arm-none-eabi/10.3.1/../../../../arm-none-eabi/lib/thumb/v7-m/nofp\libg.a(lib_a-atexit.o)
                0x0800efec                atexit
 .text._close_r
                0x0800eff8       0x24 c:/progra~2/gnuarm~1/102021~1.10/bin/../lib/gcc/arm-none-eabi/10.3.1/../../../../arm-none-eabi/lib/thumb/v7-m/nofp\libg.a(lib_a-closer.o)
                0x0800eff8                _close_r
 .text.quorem   0x0800f01c      0x12c c:/progra~2/gnuarm~1/102021~1.10/bin/../lib/gcc/arm-none-eabi/10.3.1/../../../../arm-none-eabi/lib/thumb/v7-m/nofp\libg.a(lib_a-dtoa.o)
 .text._dtoa_r  0x0800f148      0xecc c:/progra~2/gnuarm~1/102021~1.10/bin/../lib/gcc/arm-none-eabi/10.3.1/../../../../arm-none-eabi/lib/thumb/v7-m/nofp\libg.a(lib_a-dtoa.o)
                0x0800f148                _dtoa_r
 .text.__sflush_r
                0x08010014      0x124 c:/progra~2/gnuarm~1/102021~1.10/bin/../lib/gcc/arm-none-eabi/10.3.1/../../../../arm-none-eabi/lib/thumb/v7-m/nofp\libg.a(lib_a-fflush.o)
                0x08010014                __sflush_r
 .text._fflush_r
                0x08010138       0x5c c:/progra~2/gnuarm~1/102021~1.10/bin/../lib/gcc/arm-none-eabi/10.3.1/../../../../arm-none-eabi/lib/thumb/v7-m/nofp\libg.a(lib_a-fflush.o)
                0x08010138                _fflush_r
 .text._cleanup_r
                0x08010194        0xc c:/progra~2/gnuarm~1/102021~1.10/bin/../lib/gcc/arm-none-eabi/10.3.1/../../../../arm-none-eabi/lib/thumb/v7-m/nofp\libg.a(lib_a-findfp.o)
                0x08010194                _cleanup_r
 .text.__sinit  0x080101a0      0x10c c:/progra~2/gnuarm~1/102021~1.10/bin/../lib/gcc/arm-none-eabi/10.3.1/../../../../arm-none-eabi/lib/thumb/v7-m/nofp\libg.a(lib_a-findfp.o)
                0x080101a0                __sinit
 .text.__sfp_lock_acquire
                0x080102ac        0xc c:/progra~2/gnuarm~1/102021~1.10/bin/../lib/gcc/arm-none-eabi/10.3.1/../../../../arm-none-eabi/lib/thumb/v7-m/nofp\libg.a(lib_a-findfp.o)
                0x080102ac                __sfp_lock_acquire
 .text.__sfp_lock_release
                0x080102b8        0xc c:/progra~2/gnuarm~1/102021~1.10/bin/../lib/gcc/arm-none-eabi/10.3.1/../../../../arm-none-eabi/lib/thumb/v7-m/nofp\libg.a(lib_a-findfp.o)
                0x080102b8                __sfp_lock_release
 .text.__libc_fini_array
                0x080102c4       0x2c c:/progra~2/gnuarm~1/102021~1.10/bin/../lib/gcc/arm-none-eabi/10.3.1/../../../../arm-none-eabi/lib/thumb/v7-m/nofp\libg.a(lib_a-fini.o)
                0x080102c4                __libc_fini_array
 .text._malloc_trim_r
                0x080102f0       0xa0 c:/progra~2/gnuarm~1/102021~1.10/bin/../lib/gcc/arm-none-eabi/10.3.1/../../../../arm-none-eabi/lib/thumb/v7-m/nofp\libg.a(lib_a-freer.o)
                0x080102f0                _malloc_trim_r
 .text._free_r  0x08010390      0x200 c:/progra~2/gnuarm~1/102021~1.10/bin/../lib/gcc/arm-none-eabi/10.3.1/../../../../arm-none-eabi/lib/thumb/v7-m/nofp\libg.a(lib_a-freer.o)
                0x08010390                _free_r
 .text.__sfvwrite_r
                0x08010590      0x2f0 c:/progra~2/gnuarm~1/102021~1.10/bin/../lib/gcc/arm-none-eabi/10.3.1/../../../../arm-none-eabi/lib/thumb/v7-m/nofp\libg.a(lib_a-fvwrite.o)
                0x08010590                __sfvwrite_r
 .text._fwalk_reent
                0x08010880       0x48 c:/progra~2/gnuarm~1/102021~1.10/bin/../lib/gcc/arm-none-eabi/10.3.1/../../../../arm-none-eabi/lib/thumb/v7-m/nofp\libg.a(lib_a-fwalk.o)
                0x08010880                _fwalk_reent
 .text.rshift   0x080108c8       0xa4 c:/progra~2/gnuarm~1/102021~1.10/bin/../lib/gcc/arm-none-eabi/10.3.1/../../../../arm-none-eabi/lib/thumb/v7-m/nofp\libg.a(lib_a-gdtoa-gethex.o)
 .text.__gethex
                0x0801096c      0x5c4 c:/progra~2/gnuarm~1/102021~1.10/bin/../lib/gcc/arm-none-eabi/10.3.1/../../../../arm-none-eabi/lib/thumb/v7-m/nofp\libg.a(lib_a-gdtoa-gethex.o)
                0x0801096c                __gethex
 .text.__match  0x08010f30       0x34 c:/progra~2/gnuarm~1/102021~1.10/bin/../lib/gcc/arm-none-eabi/10.3.1/../../../../arm-none-eabi/lib/thumb/v7-m/nofp\libg.a(lib_a-gdtoa-hexnan.o)
                0x08010f30                __match
 .text.__hexnan
                0x08010f64      0x1ac c:/progra~2/gnuarm~1/102021~1.10/bin/../lib/gcc/arm-none-eabi/10.3.1/../../../../arm-none-eabi/lib/thumb/v7-m/nofp\libg.a(lib_a-gdtoa-hexnan.o)
                0x08010f64                __hexnan
 .text.iswspace
                0x08011110        0x8 c:/progra~2/gnuarm~1/102021~1.10/bin/../lib/gcc/arm-none-eabi/10.3.1/../../../../arm-none-eabi/lib/thumb/v7-m/nofp\libg.a(lib_a-iswspace.o)
                0x08011110                iswspace
 .text.iswspace_l
                0x08011118       0x14 c:/progra~2/gnuarm~1/102021~1.10/bin/../lib/gcc/arm-none-eabi/10.3.1/../../../../arm-none-eabi/lib/thumb/v7-m/nofp\libg.a(lib_a-iswspace_l.o)
                0x08011118                iswspace_l
 .text.__locale_mb_cur_max
                0x0801112c        0xc c:/progra~2/gnuarm~1/102021~1.10/bin/../lib/gcc/arm-none-eabi/10.3.1/../../../../arm-none-eabi/lib/thumb/v7-m/nofp\libg.a(lib_a-locale.o)
                0x0801112c                __locale_mb_cur_max
 .text._localeconv_r
                0x08011138        0x8 c:/progra~2/gnuarm~1/102021~1.10/bin/../lib/gcc/arm-none-eabi/10.3.1/../../../../arm-none-eabi/lib/thumb/v7-m/nofp\libg.a(lib_a-localeconv.o)
                0x08011138                _localeconv_r
 .text.__retarget_lock_init_recursive
                0x08011140        0x4 c:/progra~2/gnuarm~1/102021~1.10/bin/../lib/gcc/arm-none-eabi/10.3.1/../../../../arm-none-eabi/lib/thumb/v7-m/nofp\libg.a(lib_a-lock.o)
                0x08011140                __retarget_lock_init_recursive
 .text.__retarget_lock_close_recursive
                0x08011144        0x4 c:/progra~2/gnuarm~1/102021~1.10/bin/../lib/gcc/arm-none-eabi/10.3.1/../../../../arm-none-eabi/lib/thumb/v7-m/nofp\libg.a(lib_a-lock.o)
                0x08011144                __retarget_lock_close_recursive
 .text.__retarget_lock_acquire_recursive
                0x08011148        0x4 c:/progra~2/gnuarm~1/102021~1.10/bin/../lib/gcc/arm-none-eabi/10.3.1/../../../../arm-none-eabi/lib/thumb/v7-m/nofp\libg.a(lib_a-lock.o)
                0x08011148                __retarget_lock_acquire_recursive
 .text.__retarget_lock_release_recursive
                0x0801114c        0x4 c:/progra~2/gnuarm~1/102021~1.10/bin/../lib/gcc/arm-none-eabi/10.3.1/../../../../arm-none-eabi/lib/thumb/v7-m/nofp\libg.a(lib_a-lock.o)
                0x0801114c                __retarget_lock_release_recursive
 .text._lseek_r
                0x08011150       0x2c c:/progra~2/gnuarm~1/102021~1.10/bin/../lib/gcc/arm-none-eabi/10.3.1/../../../../arm-none-eabi/lib/thumb/v7-m/nofp\libg.a(lib_a-lseekr.o)
                0x08011150                _lseek_r
 .text.__smakebuf_r
                0x0801117c       0xe0 c:/progra~2/gnuarm~1/102021~1.10/bin/../lib/gcc/arm-none-eabi/10.3.1/../../../../arm-none-eabi/lib/thumb/v7-m/nofp\libg.a(lib_a-makebuf.o)
                0x0801117c                __smakebuf_r
 .text.__swhatbuf_r
                0x0801125c       0x60 c:/progra~2/gnuarm~1/102021~1.10/bin/../lib/gcc/arm-none-eabi/10.3.1/../../../../arm-none-eabi/lib/thumb/v7-m/nofp\libg.a(lib_a-makebuf.o)
                0x0801125c                __swhatbuf_r
 .text._mbrtowc_r
                0x080112bc       0x44 c:/progra~2/gnuarm~1/102021~1.10/bin/../lib/gcc/arm-none-eabi/10.3.1/../../../../arm-none-eabi/lib/thumb/v7-m/nofp\libg.a(lib_a-mbrtowc.o)
                0x080112bc                _mbrtowc_r
 .text.__ascii_mbtowc
                0x08011300       0x2c c:/progra~2/gnuarm~1/102021~1.10/bin/../lib/gcc/arm-none-eabi/10.3.1/../../../../arm-none-eabi/lib/thumb/v7-m/nofp\libg.a(lib_a-mbtowc_r.o)
                0x08011300                __ascii_mbtowc
 .text.memchr   0x0801132c       0x90 c:/progra~2/gnuarm~1/102021~1.10/bin/../lib/gcc/arm-none-eabi/10.3.1/../../../../arm-none-eabi/lib/thumb/v7-m/nofp\libg.a(lib_a-memchr-stub.o)
                0x0801132c                memchr
 .text.memmove  0x080113bc       0xf8 c:/progra~2/gnuarm~1/102021~1.10/bin/../lib/gcc/arm-none-eabi/10.3.1/../../../../arm-none-eabi/lib/thumb/v7-m/nofp\libg.a(lib_a-memmove.o)
                0x080113bc                memmove
 .text._Balloc  0x080114b4       0x4c c:/progra~2/gnuarm~1/102021~1.10/bin/../lib/gcc/arm-none-eabi/10.3.1/../../../../arm-none-eabi/lib/thumb/v7-m/nofp\libg.a(lib_a-mprec.o)
                0x080114b4                _Balloc
 .text._Bfree   0x08011500       0x14 c:/progra~2/gnuarm~1/102021~1.10/bin/../lib/gcc/arm-none-eabi/10.3.1/../../../../arm-none-eabi/lib/thumb/v7-m/nofp\libg.a(lib_a-mprec.o)
                0x08011500                _Bfree
 .text.__multadd
                0x08011514       0xa4 c:/progra~2/gnuarm~1/102021~1.10/bin/../lib/gcc/arm-none-eabi/10.3.1/../../../../arm-none-eabi/lib/thumb/v7-m/nofp\libg.a(lib_a-mprec.o)
                0x08011514                __multadd
 .text.__s2b    0x080115b8       0xb4 c:/progra~2/gnuarm~1/102021~1.10/bin/../lib/gcc/arm-none-eabi/10.3.1/../../../../arm-none-eabi/lib/thumb/v7-m/nofp\libg.a(lib_a-mprec.o)
                0x080115b8                __s2b
 .text.__hi0bits
                0x0801166c       0x40 c:/progra~2/gnuarm~1/102021~1.10/bin/../lib/gcc/arm-none-eabi/10.3.1/../../../../arm-none-eabi/lib/thumb/v7-m/nofp\libg.a(lib_a-mprec.o)
                0x0801166c                __hi0bits
 .text.__lo0bits
                0x080116ac       0x58 c:/progra~2/gnuarm~1/102021~1.10/bin/../lib/gcc/arm-none-eabi/10.3.1/../../../../arm-none-eabi/lib/thumb/v7-m/nofp\libg.a(lib_a-mprec.o)
                0x080116ac                __lo0bits
 .text.__i2b    0x08011704       0x5c c:/progra~2/gnuarm~1/102021~1.10/bin/../lib/gcc/arm-none-eabi/10.3.1/../../../../arm-none-eabi/lib/thumb/v7-m/nofp\libg.a(lib_a-mprec.o)
                0x08011704                __i2b
 .text.__multiply
                0x08011760      0x15c c:/progra~2/gnuarm~1/102021~1.10/bin/../lib/gcc/arm-none-eabi/10.3.1/../../../../arm-none-eabi/lib/thumb/v7-m/nofp\libg.a(lib_a-mprec.o)
                0x08011760                __multiply
 .text.__pow5mult
                0x080118bc       0xb8 c:/progra~2/gnuarm~1/102021~1.10/bin/../lib/gcc/arm-none-eabi/10.3.1/../../../../arm-none-eabi/lib/thumb/v7-m/nofp\libg.a(lib_a-mprec.o)
                0x080118bc                __pow5mult
 .text.__lshift
                0x08011974       0xec c:/progra~2/gnuarm~1/102021~1.10/bin/../lib/gcc/arm-none-eabi/10.3.1/../../../../arm-none-eabi/lib/thumb/v7-m/nofp\libg.a(lib_a-mprec.o)
                0x08011974                __lshift
 .text.__mcmp   0x08011a60       0x40 c:/progra~2/gnuarm~1/102021~1.10/bin/../lib/gcc/arm-none-eabi/10.3.1/../../../../arm-none-eabi/lib/thumb/v7-m/nofp\libg.a(lib_a-mprec.o)
                0x08011a60                __mcmp
 .text.__mdiff  0x08011aa0      0x14c c:/progra~2/gnuarm~1/102021~1.10/bin/../lib/gcc/arm-none-eabi/10.3.1/../../../../arm-none-eabi/lib/thumb/v7-m/nofp\libg.a(lib_a-mprec.o)
                0x08011aa0                __mdiff
 .text.__ulp    0x08011bec       0x44 c:/progra~2/gnuarm~1/102021~1.10/bin/../lib/gcc/arm-none-eabi/10.3.1/../../../../arm-none-eabi/lib/thumb/v7-m/nofp\libg.a(lib_a-mprec.o)
                0x08011bec                __ulp
 .text.__b2d    0x08011c30       0xd0 c:/progra~2/gnuarm~1/102021~1.10/bin/../lib/gcc/arm-none-eabi/10.3.1/../../../../arm-none-eabi/lib/thumb/v7-m/nofp\libg.a(lib_a-mprec.o)
                0x08011c30                __b2d
 .text.__d2b    0x08011d00       0xc4 c:/progra~2/gnuarm~1/102021~1.10/bin/../lib/gcc/arm-none-eabi/10.3.1/../../../../arm-none-eabi/lib/thumb/v7-m/nofp\libg.a(lib_a-mprec.o)
                0x08011d00                __d2b
 .text.__ratio  0x08011dc4       0x60 c:/progra~2/gnuarm~1/102021~1.10/bin/../lib/gcc/arm-none-eabi/10.3.1/../../../../arm-none-eabi/lib/thumb/v7-m/nofp\libg.a(lib_a-mprec.o)
                0x08011dc4                __ratio
 .text.__copybits
                0x08011e24       0x60 c:/progra~2/gnuarm~1/102021~1.10/bin/../lib/gcc/arm-none-eabi/10.3.1/../../../../arm-none-eabi/lib/thumb/v7-m/nofp\libg.a(lib_a-mprec.o)
                0x08011e24                __copybits
 .text.__any_on
                0x08011e84       0x60 c:/progra~2/gnuarm~1/102021~1.10/bin/../lib/gcc/arm-none-eabi/10.3.1/../../../../arm-none-eabi/lib/thumb/v7-m/nofp\libg.a(lib_a-mprec.o)
                0x08011e84                __any_on
 .text._read_r  0x08011ee4       0x2c c:/progra~2/gnuarm~1/102021~1.10/bin/../lib/gcc/arm-none-eabi/10.3.1/../../../../arm-none-eabi/lib/thumb/v7-m/nofp\libg.a(lib_a-readr.o)
                0x08011ee4                _read_r
 .text.frexp    0x08011f10       0x70 c:/progra~2/gnuarm~1/102021~1.10/bin/../lib/gcc/arm-none-eabi/10.3.1/../../../../arm-none-eabi/lib/thumb/v7-m/nofp\libg.a(lib_a-s_frexp.o)
                0x08011f10                frexp
 .text.nan      0x08011f80        0xc c:/progra~2/gnuarm~1/102021~1.10/bin/../lib/gcc/arm-none-eabi/10.3.1/../../../../arm-none-eabi/lib/thumb/v7-m/nofp\libg.a(lib_a-s_nan.o)
                0x08011f80                nan
 .text.__sccl   0x08011f8c       0x8c c:/progra~2/gnuarm~1/102021~1.10/bin/../lib/gcc/arm-none-eabi/10.3.1/../../../../arm-none-eabi/lib/thumb/v7-m/nofp\libg.a(lib_a-sccl.o)
                0x08011f8c                __sccl
 .text.nanf     0x08012018        0x8 c:/progra~2/gnuarm~1/102021~1.10/bin/../lib/gcc/arm-none-eabi/10.3.1/../../../../arm-none-eabi/lib/thumb/v7-m/nofp\libg.a(lib_a-sf_nan.o)
                0x08012018                nanf
 .text.strchr   0x08012020       0xcc c:/progra~2/gnuarm~1/102021~1.10/bin/../lib/gcc/arm-none-eabi/10.3.1/../../../../arm-none-eabi/lib/thumb/v7-m/nofp\libg.a(lib_a-strchr.o)
                0x08012020                strchr
 .text.strnlen  0x080120ec       0x24 c:/progra~2/gnuarm~1/102021~1.10/bin/../lib/gcc/arm-none-eabi/10.3.1/../../../../arm-none-eabi/lib/thumb/v7-m/nofp\libg.a(lib_a-strnlen.o)
                0x080120ec                strnlen
 .text._strtol_l.part.0
                0x08012110      0x120 c:/progra~2/gnuarm~1/102021~1.10/bin/../lib/gcc/arm-none-eabi/10.3.1/../../../../arm-none-eabi/lib/thumb/v7-m/nofp\libg.a(lib_a-strtol.o)
 .text._strtol_r
                0x08012230       0x1c c:/progra~2/gnuarm~1/102021~1.10/bin/../lib/gcc/arm-none-eabi/10.3.1/../../../../arm-none-eabi/lib/thumb/v7-m/nofp\libg.a(lib_a-strtol.o)
                0x08012230                _strtol_r
 .text._strtoll_l.constprop.0
                0x0801224c      0x178 c:/progra~2/gnuarm~1/102021~1.10/bin/../lib/gcc/arm-none-eabi/10.3.1/../../../../arm-none-eabi/lib/thumb/v7-m/nofp\libg.a(lib_a-strtoll.o)
 .text._strtoll_r
                0x080123c4        0x4 c:/progra~2/gnuarm~1/102021~1.10/bin/../lib/gcc/arm-none-eabi/10.3.1/../../../../arm-none-eabi/lib/thumb/v7-m/nofp\libg.a(lib_a-strtoll.o)
                0x080123c4                _strtoll_r
 .text._strtoul_l.constprop.0
                0x080123c8      0x13c c:/progra~2/gnuarm~1/102021~1.10/bin/../lib/gcc/arm-none-eabi/10.3.1/../../../../arm-none-eabi/lib/thumb/v7-m/nofp\libg.a(lib_a-strtoul.o)
 .text._strtoul_r
                0x08012504        0x4 c:/progra~2/gnuarm~1/102021~1.10/bin/../lib/gcc/arm-none-eabi/10.3.1/../../../../arm-none-eabi/lib/thumb/v7-m/nofp\libg.a(lib_a-strtoul.o)
                0x08012504                _strtoul_r
 .text._strtoull_l.constprop.0
                0x08012508      0x1a4 c:/progra~2/gnuarm~1/102021~1.10/bin/../lib/gcc/arm-none-eabi/10.3.1/../../../../arm-none-eabi/lib/thumb/v7-m/nofp\libg.a(lib_a-strtoull.o)
 .text._strtoull_r
                0x080126ac        0x4 c:/progra~2/gnuarm~1/102021~1.10/bin/../lib/gcc/arm-none-eabi/10.3.1/../../../../arm-none-eabi/lib/thumb/v7-m/nofp\libg.a(lib_a-strtoull.o)
                0x080126ac                _strtoull_r
 .text.__ssprint_r
                0x080126b0       0xfc c:/progra~2/gnuarm~1/102021~1.10/bin/../lib/gcc/arm-none-eabi/10.3.1/../../../../arm-none-eabi/lib/thumb/v7-m/nofp\libg.a(lib_a-svfiprintf.o)
                0x080126b0                __ssprint_r
 .text._sungetc_r
                0x080127ac       0x80 c:/progra~2/gnuarm~1/102021~1.10/bin/../lib/gcc/arm-none-eabi/10.3.1/../../../../arm-none-eabi/lib/thumb/v7-m/nofp\libg.a(lib_a-svfiscanf.o)
                0x080127ac                _sungetc_r
 .text.__ssrefill_r
                0x0801282c       0x3c c:/progra~2/gnuarm~1/102021~1.10/bin/../lib/gcc/arm-none-eabi/10.3.1/../../../../arm-none-eabi/lib/thumb/v7-m/nofp\libg.a(lib_a-svfiscanf.o)
                0x0801282c                __ssrefill_r
 .text._sfread_r
                0x08012868       0xb4 c:/progra~2/gnuarm~1/102021~1.10/bin/../lib/gcc/arm-none-eabi/10.3.1/../../../../arm-none-eabi/lib/thumb/v7-m/nofp\libg.a(lib_a-svfiscanf.o)
                0x08012868                _sfread_r
 .text.__submore
                0x0801291c       0x78 c:/progra~2/gnuarm~1/102021~1.10/bin/../lib/gcc/arm-none-eabi/10.3.1/../../../../arm-none-eabi/lib/thumb/v7-m/nofp\libg.a(lib_a-ungetc.o)
                0x0801291c                __submore
 .text.__sprint_r.part.0
                0x08012994       0x78 c:/progra~2/gnuarm~1/102021~1.10/bin/../lib/gcc/arm-none-eabi/10.3.1/../../../../arm-none-eabi/lib/thumb/v7-m/nofp\libg.a(lib_a-vfiprintf.o)
 .text.__sprint_r
                0x08012a0c       0x14 c:/progra~2/gnuarm~1/102021~1.10/bin/../lib/gcc/arm-none-eabi/10.3.1/../../../../arm-none-eabi/lib/thumb/v7-m/nofp\libg.a(lib_a-vfiprintf.o)
                0x08012a0c                __sprint_r
 .text._vfiprintf_r
                0x08012a20      0xd98 c:/progra~2/gnuarm~1/102021~1.10/bin/../lib/gcc/arm-none-eabi/10.3.1/../../../../arm-none-eabi/lib/thumb/v7-m/nofp\libg.a(lib_a-vfiprintf.o)
                0x08012a20                _vfiprintf_r
 .text.__sbprintf
                0x080137b8       0x84 c:/progra~2/gnuarm~1/102021~1.10/bin/../lib/gcc/arm-none-eabi/10.3.1/../../../../arm-none-eabi/lib/thumb/v7-m/nofp\libg.a(lib_a-vfiprintf.o)
 .text.__ascii_wctomb
                0x0801383c       0x1c c:/progra~2/gnuarm~1/102021~1.10/bin/../lib/gcc/arm-none-eabi/10.3.1/../../../../arm-none-eabi/lib/thumb/v7-m/nofp\libg.a(lib_a-wctomb_r.o)
                0x0801383c                __ascii_wctomb
 .text.__register_exitproc
                0x08013858       0x8c c:/progra~2/gnuarm~1/102021~1.10/bin/../lib/gcc/arm-none-eabi/10.3.1/../../../../arm-none-eabi/lib/thumb/v7-m/nofp\libg.a(lib_a-__atexit.o)
                0x08013858                __register_exitproc
 .text.__assert_func
                0x080138e4       0x40 c:/progra~2/gnuarm~1/102021~1.10/bin/../lib/gcc/arm-none-eabi/10.3.1/../../../../arm-none-eabi/lib/thumb/v7-m/nofp\libg.a(lib_a-assert.o)
                0x080138e4                __assert_func
 .text._calloc_r
                0x08013924       0x78 c:/progra~2/gnuarm~1/102021~1.10/bin/../lib/gcc/arm-none-eabi/10.3.1/../../../../arm-none-eabi/lib/thumb/v7-m/nofp\libg.a(lib_a-callocr.o)
                0x08013924                _calloc_r
 .text._fclose_r
                0x0801399c       0xcc c:/progra~2/gnuarm~1/102021~1.10/bin/../lib/gcc/arm-none-eabi/10.3.1/../../../../arm-none-eabi/lib/thumb/v7-m/nofp\libg.a(lib_a-fclose.o)
                0x0801399c                _fclose_r
 .text.fiprintf
                0x08013a68       0x28 c:/progra~2/gnuarm~1/102021~1.10/bin/../lib/gcc/arm-none-eabi/10.3.1/../../../../arm-none-eabi/lib/thumb/v7-m/nofp\libg.a(lib_a-fiprintf.o)